Archive member included to satisfy reference by file (symbol)

/Applications/ArmGNUToolchain/15.2.rel1/arm-none-eabi/bin/../lib/gcc/arm-none-eabi/15.2.1/../../../../arm-none-eabi/lib/thumb/v8-m.main+fp/softfp/libm.a(libm_a-wf_sqrt.o)
                              CMakeFiles/foxdac.dir/Users/giubeppe/Documents/projects/raspberry_pico/pico-sdk/src/rp2_common/pico_float/float_math.c.o (sqrtf)
/Applications/ArmGNUToolchain/15.2.rel1/arm-none-eabi/bin/../lib/gcc/arm-none-eabi/15.2.1/../../../../arm-none-eabi/lib/thumb/v8-m.main+fp/softfp/libm.a(libm_a-ef_sqrt.o)
                              /Applications/ArmGNUToolchain/15.2.rel1/arm-none-eabi/bin/../lib/gcc/arm-none-eabi/15.2.1/../../../../arm-none-eabi/lib/thumb/v8-m.main+fp/softfp/libm.a(libm_a-wf_sqrt.o) (__ieee754_sqrtf)
/Applications/ArmGNUToolchain/15.2.rel1/arm-none-eabi/bin/../lib/gcc/arm-none-eabi/15.2.1/thumb/v8-m.main+fp/softfp/libgcc.a(_arm_addsubdf3.o)
                              CMakeFiles/foxdac.dir/Users/giubeppe/Documents/projects/raspberry_pico/pico-sdk/src/rp2_common/pico_float/float_math.c.o (__aeabi_f2d)
/Applications/ArmGNUToolchain/15.2.rel1/arm-none-eabi/bin/../lib/gcc/arm-none-eabi/15.2.1/thumb/v8-m.main+fp/softfp/libgcc.a(_aeabi_ldivmod.o)
                              CMakeFiles/foxdac.dir/Users/giubeppe/Documents/projects/raspberry_pico/pico-sdk/src/common/pico_time/time.c.o (__aeabi_ldivmod)
/Applications/ArmGNUToolchain/15.2.rel1/arm-none-eabi/bin/../lib/gcc/arm-none-eabi/15.2.1/thumb/v8-m.main+fp/softfp/libgcc.a(_aeabi_uldivmod.o)
                              CMakeFiles/foxdac.dir/main.c.o (__aeabi_uldivmod)
/Applications/ArmGNUToolchain/15.2.rel1/arm-none-eabi/bin/../lib/gcc/arm-none-eabi/15.2.1/thumb/v8-m.main+fp/softfp/libgcc.a(_udivmoddi4.o)
                              /Applications/ArmGNUToolchain/15.2.rel1/arm-none-eabi/bin/../lib/gcc/arm-none-eabi/15.2.1/thumb/v8-m.main+fp/softfp/libgcc.a(_aeabi_ldivmod.o) (__udivmoddi4)
/Applications/ArmGNUToolchain/15.2.rel1/arm-none-eabi/bin/../lib/gcc/arm-none-eabi/15.2.1/thumb/v8-m.main+fp/softfp/libgcc.a(_dvmd_tls.o)
                              /Applications/ArmGNUToolchain/15.2.rel1/arm-none-eabi/bin/../lib/gcc/arm-none-eabi/15.2.1/thumb/v8-m.main+fp/softfp/libgcc.a(_aeabi_ldivmod.o) (__aeabi_ldiv0)
/Applications/ArmGNUToolchain/15.2.rel1/arm-none-eabi/bin/../lib/gcc/arm-none-eabi/15.2.1/../../../../arm-none-eabi/lib/thumb/v8-m.main+fp/softfp/libg.a(libc_a-calloc.o)
                              CMakeFiles/foxdac.dir/Users/giubeppe/Documents/projects/raspberry_pico/pico-sdk/src/rp2_common/pico_malloc/malloc.c.o (calloc)
/Applications/ArmGNUToolchain/15.2.rel1/arm-none-eabi/bin/../lib/gcc/arm-none-eabi/15.2.1/../../../../arm-none-eabi/lib/thumb/v8-m.main+fp/softfp/libg.a(libc_a-callocr.o)
                              /Applications/ArmGNUToolchain/15.2.rel1/arm-none-eabi/bin/../lib/gcc/arm-none-eabi/15.2.1/../../../../arm-none-eabi/lib/thumb/v8-m.main+fp/softfp/libg.a(libc_a-calloc.o) (_calloc_r)
/Applications/ArmGNUToolchain/15.2.rel1/arm-none-eabi/bin/../lib/gcc/arm-none-eabi/15.2.1/../../../../arm-none-eabi/lib/thumb/v8-m.main+fp/softfp/libg.a(libc_a-malloc.o)
                              CMakeFiles/foxdac.dir/Users/giubeppe/Documents/projects/raspberry_pico/pico-sdk/src/rp2_common/pico_malloc/malloc.c.o (malloc)
/Applications/ArmGNUToolchain/15.2.rel1/arm-none-eabi/bin/../lib/gcc/arm-none-eabi/15.2.1/../../../../arm-none-eabi/lib/thumb/v8-m.main+fp/softfp/libg.a(libc_a-mallocr.o)
                              /Applications/ArmGNUToolchain/15.2.rel1/arm-none-eabi/bin/../lib/gcc/arm-none-eabi/15.2.1/../../../../arm-none-eabi/lib/thumb/v8-m.main+fp/softfp/libg.a(libc_a-callocr.o) (_malloc_r)
/Applications/ArmGNUToolchain/15.2.rel1/arm-none-eabi/bin/../lib/gcc/arm-none-eabi/15.2.1/../../../../arm-none-eabi/lib/thumb/v8-m.main+fp/softfp/libg.a(libc_a-mlock.o)
                              /Applications/ArmGNUToolchain/15.2.rel1/arm-none-eabi/bin/../lib/gcc/arm-none-eabi/15.2.1/../../../../arm-none-eabi/lib/thumb/v8-m.main+fp/softfp/libg.a(libc_a-mallocr.o) (__malloc_lock)
/Applications/ArmGNUToolchain/15.2.rel1/arm-none-eabi/bin/../lib/gcc/arm-none-eabi/15.2.1/../../../../arm-none-eabi/lib/thumb/v8-m.main+fp/softfp/libg.a(libc_a-realloc.o)
                              CMakeFiles/foxdac.dir/Users/giubeppe/Documents/projects/raspberry_pico/pico-sdk/src/rp2_common/pico_malloc/malloc.c.o (realloc)
/Applications/ArmGNUToolchain/15.2.rel1/arm-none-eabi/bin/../lib/gcc/arm-none-eabi/15.2.1/../../../../arm-none-eabi/lib/thumb/v8-m.main+fp/softfp/libg.a(libc_a-reallocr.o)
                              /Applications/ArmGNUToolchain/15.2.rel1/arm-none-eabi/bin/../lib/gcc/arm-none-eabi/15.2.1/../../../../arm-none-eabi/lib/thumb/v8-m.main+fp/softfp/libg.a(libc_a-realloc.o) (_realloc_r)
/Applications/ArmGNUToolchain/15.2.rel1/arm-none-eabi/bin/../lib/gcc/arm-none-eabi/15.2.1/../../../../arm-none-eabi/lib/thumb/v8-m.main+fp/softfp/libg.a(libc_a-memcmp.o)
[...]
Memory Configuration

Name             Origin             Length             Attributes
FLASH            0x10000000         0x00400000         xr
RAM              0x20000000         0x00080000         xrw
SCRATCH_X        0x20080000         0x00001000         xrw
SCRATCH_Y        0x20081000         0x00001000         xrw
*default*        0x00000000         0xffffffff

Linker script and memory map

LOAD /Applications/ArmGNUToolchain/15.2.rel1/arm-none-eabi/bin/../lib/gcc/arm-none-eabi/15.2.1/thumb/v8-m.main+fp/softfp/crti.o
LOAD /Applications/ArmGNUToolchain/15.2.rel1/arm-none-eabi/bin/../lib/gcc/arm-none-eabi/15.2.1/thumb/v8-m.main+fp/softfp/crtbegin.o
LOAD /Applications/ArmGNUToolchain/15.2.rel1/arm-none-eabi/bin/../lib/gcc/arm-none-eabi/15.2.1/../../../../arm-none-eabi/lib/thumb/v8-m.main+fp/softfp/crt0.o

.flash_begin    0x10000000        0x0
                0x10000000                        __flash_binary_start = .

.flashtext      0x10000000      0x1f0
                0x10000000                        __logical_binary_start = .
 *(.vectors)
 .vectors       0x10000000      0x124 CMakeFiles/foxdac.dir/Users/giubeppe/Documents/projects/raspberry_pico/pico-sdk/src/rp2_common/pico_crt0/crt0.S.o
                0x10000000                __VECTOR_TABLE
                0x10000000                __vectors
                0x10000110                __unhandled_user_irq
                0x10000110                isr_irq49
                0x10000110                isr_irq13
                0x10000110                isr_irq43
                0x10000110                isr_irq45
                0x10000110                isr_irq27
                0x10000110                isr_irq32
                0x10000110                isr_irq31
                0x10000110                isr_irq5
                0x10000110                isr_irq11
                0x10000110                isr_irq23
                0x10000110                isr_usagefault
                0x10000110                isr_irq48
                0x10000110                isr_irq35
                0x10000110                isr_irq18
                0x10000110                isr_irq50
                0x10000110                isr_irq9
                0x10000110                isr_irq30
                0x10000110                isr_irq16
                0x10000110                isr_irq44
                0x10000110                isr_irq29
                0x10000110                isr_irq26
                0x10000110                isr_irq33
                0x10000110                isr_irq3
                0x10000110                isr_irq12
                0x10000110                isr_securefault
                0x10000110                isr_irq40
                0x10000110                isr_irq28
                0x10000110                isr_irq19
                0x10000110                isr_irq36
                0x10000110                isr_irq41
                0x10000110                isr_irq0
                0x10000110                isr_irq6
                0x10000110                isr_memmanage
                0x10000110                isr_irq37
                0x10000110                isr_irq42
                0x10000110                isr_irq22
                0x10000110                isr_irq17
                0x10000110                isr_irq38
                0x10000110                __vectors_end
                0x10000110                __default_isrs_start
                0x10000110                isr_irq2
                0x10000110                isr_irq10
                0x10000110                isr_irq8
                0x10000110                isr_debugmonitor
                0x10000110                isr_irq24
                0x10000110                isr_irq46
                0x10000110                isr_irq1
                0x10000110                isr_irq47
                0x10000110                isr_irq51
                0x10000110                isr_irq7
                0x10000110                isr_irq21
                0x10000110                isr_irq39
                0x10000110                isr_irq20
                0x10000110                isr_irq15
                0x10000110                isr_irq25
                0x10000110                isr_irq34
                0x10000110                isr_irq4
                0x10000110                isr_busfault
                0x10000116                unhandled_user_irq_num_in_r0
                0x10000118                isr_invalid
                0x1000011a                isr_nmi
                0x1000011c                isr_hardfault
                0x1000011e                isr_svcall
                0x10000120                isr_pendsv
                0x10000122                isr_systick
                0x10000124                __default_isrs_end
 *(.binary_info_header)
 .binary_info_header
                0x10000124       0x14 CMakeFiles/foxdac.dir/Users/giubeppe/Documents/projects/raspberry_pico/pico-sdk/src/rp2_common/pico_crt0/crt0.S.o
                0x10000138                        __binary_info_header_end = .
 *(.embedded_block)
 .embedded_block
                0x10000138       0x14 CMakeFiles/foxdac.dir/Users/giubeppe/Documents/projects/raspberry_pico/pico-sdk/src/rp2_common/pico_crt0/crt0.S.o
                0x1000014c                        __embedded_block_end = .
 *(.reset)
 .reset         0x1000014c       0xa4 CMakeFiles/foxdac.dir/Users/giubeppe/Documents/projects/raspberry_pico/pico-sdk/src/rp2_common/pico_crt0/crt0.S.o
                0x1000014c                _entry_point
                0x100001f0                        . = ALIGN (0x4)

.boot2          0x100001f0        0x0
                0x100001f0                        __boot2_start__ = .
 *(.boot2)
                0x100001f0                        __boot2_end__ = .
                0x00000001                        ASSERT (((__boot2_end__ - __boot2_start__) <= 0x100), ERROR: Pico second stage bootloader must be no more than 256 bytes in size)

.rodata         0x100001f0        0x0
 *(SORT_BY_ALIGNMENT(SORT_BY_NAME(.flashdata*)))
                0x100001f0                        . = ALIGN (0x4)

.ARM.extab
 *(.ARM.extab* .gnu.linkonce.armextab.*)
                0x100001f0                        __exidx_start = .

.ARM.exidx      0x100001f0        0x8
 *(.ARM.exidx* .gnu.linkonce.armexidx.*)
 .ARM.exidx.text.__udivmoddi4
                0x100001f0        0x8 /Applications/ArmGNUToolchain/15.2.rel1/arm-none-eabi/bin/../lib/gcc/arm-none-eabi/15.2.1/thumb/v8-m.main+fp/softfp/libgcc.a(_udivmoddi4.o)
 .ARM.exidx     0x100001f8        0x0 /Applications/ArmGNUToolchain/15.2.rel1/arm-none-eabi/bin/../lib/gcc/arm-none-eabi/15.2.1/../../../../arm-none-eabi/lib/thumb/v8-m.main+fp/softfp/libg.a(libc_a-memcpy.o)
                                  0x8 (size before relaxing)
                0x100001f8                        __exidx_end = .
                0x100001f8                        . = ALIGN (0x4)
                0x100001f8                        __binary_info_start = .

.binary_info    0x100001f8       0x1c
 *(.binary_info.keep.*)
 .binary_info.keep.__bi_ptr84
                0x100001f8        0x4 CMakeFiles/foxdac.dir/Users/giubeppe/Documents/projects/raspberry_pico/pico-sdk/src/rp2_common/pico_standard_binary_info/standard_binary_info.c.o
 .binary_info.keep.__bi_ptr78
                0x100001fc        0x4 CMakeFiles/foxdac.dir/Users/giubeppe/Documents/projects/raspberry_pico/pico-sdk/src/rp2_common/pico_standard_binary_info/standard_binary_info.c.o
 .binary_info.keep.__bi_ptr54
                0x10000200        0x4 CMakeFiles/foxdac.dir/Users/giubeppe/Documents/projects/raspberry_pico/pico-sdk/src/rp2_common/pico_standard_binary_info/standard_binary_info.c.o
 .binary_info.keep.__bi_ptr48
                0x10000204        0x4 CMakeFiles/foxdac.dir/Users/giubeppe/Documents/projects/raspberry_pico/pico-sdk/src/rp2_common/pico_standard_binary_info/standard_binary_info.c.o
 .binary_info.keep.__bi_ptr42
                0x10000208        0x4 CMakeFiles/foxdac.dir/Users/giubeppe/Documents/projects/raspberry_pico/pico-sdk/src/rp2_common/pico_standard_binary_info/standard_binary_info.c.o
 .binary_info.keep.__bi_ptr34
                0x1000020c        0x4 CMakeFiles/foxdac.dir/Users/giubeppe/Documents/projects/raspberry_pico/pico-sdk/src/rp2_common/pico_standard_binary_info/standard_binary_info.c.o
 .binary_info.keep.__bi_ptr26
                0x10000210        0x4 CMakeFiles/foxdac.dir/Users/giubeppe/Documents/projects/raspberry_pico/pico-sdk/src/rp2_common/pico_standard_binary_info/standard_binary_info.c.o
 *(.binary_info.*)
                0x10000214                        __binary_info_end = .
                0x10000214                        . = ALIGN (0x4)

.ram_vector_table
                0x20000000      0x110
 *(.ram_vector_table)
 .ram_vector_table
                0x20000000      0x110 CMakeFiles/foxdac.dir/Users/giubeppe/Documents/projects/raspberry_pico/pico-sdk/src/rp2_common/pico_runtime_init/runtime_init.c.o
                0x20000000                ram_vector_table

.uninitialized_data
                0x20000110        0x0
                0x20000110                        . = ALIGN (0x4)
 *(.uninitialized_data*)

.text           0x20000110     0xb9a8 load address 0x10000214
                0x20000110                        __ram_text_start__ = .
 *(.init)
 .init          0x20000110        0x4 /Applications/ArmGNUToolchain/15.2.rel1/arm-none-eabi/bin/../lib/gcc/arm-none-eabi/15.2.1/thumb/v8-m.main+fp/softfp/crti.o
                0x20000110                _init
 *(.text*)
 .text.register_tm_clones
                0x20000114       0x28 /Applications/ArmGNUToolchain/15.2.rel1/arm-none-eabi/bin/../lib/gcc/arm-none-eabi/15.2.1/thumb/v8-m.main+fp/softfp/crtbegin.o
 .text.frame_dummy
                0x2000013c       0x24 /Applications/ArmGNUToolchain/15.2.rel1/arm-none-eabi/bin/../lib/gcc/arm-none-eabi/15.2.1/thumb/v8-m.main+fp/softfp/crtbegin.o
 .text.crossfeed_compute_coefficients
                0x20000160      0x168 CMakeFiles/foxdac.dir/crossfeed.c.o
                0x20000160                crossfeed_compute_coefficients
 .text.dsp_compute_coefficients
                0x200002c8      0x2bc CMakeFiles/foxdac.dir/dsp_pipeline.c.o
                0x200002c8                dsp_compute_coefficients
 .text.dsp_init_default_filters
                0x20000584      0x2cc CMakeFiles/foxdac.dir/dsp_pipeline.c.o
                0x20000584                dsp_init_default_filters
 .text.dsp_update_delay_samples
                0x20000850      0x268 CMakeFiles/foxdac.dir/dsp_pipeline.c.o
                0x20000850                dsp_update_delay_samples
 .text.dsp_recalculate_all_filters
                0x20000ab8      0x75c CMakeFiles/foxdac.dir/dsp_pipeline.c.o
                0x20000ab8                dsp_recalculate_all_filters
 .text.flash_save_params
                0x20001214      0x200 CMakeFiles/foxdac.dir/flash_storage.c.o
                0x20001214                flash_save_params
 .text.flash_load_params
                0x20001414      0x52c CMakeFiles/foxdac.dir/flash_storage.c.o
                0x20001414                flash_load_params
 .text.flash_factory_reset
                0x20001940      0x11c CMakeFiles/foxdac.dir/flash_storage.c.o
                0x20001940                flash_factory_reset
 .text.loudness_recompute_table
                0x20001a5c      0x434 CMakeFiles/foxdac.dir/loudness.c.o
                0x20001a5c                loudness_recompute_table
 .text.core0_init
                0x20001e90      0x1b8 CMakeFiles/foxdac.dir/main.c.o
                0x20001e90                core0_init
 .text.startup.main
                0x20002048      0x324 CMakeFiles/foxdac.dir/main.c.o
                0x20002048                main
 .text.pdm_set_enabled
                0x2000236c        0xc CMakeFiles/foxdac.dir/pdm_generator.c.o
                0x2000236c                pdm_set_enabled
 .text.pdm_update_clock
                0x20002378       0x78 CMakeFiles/foxdac.dir/pdm_generator.c.o
                0x20002378                pdm_update_clock
 .text.pdm_setup_hw
                0x200023f0       0xfc CMakeFiles/foxdac.dir/pdm_generator.c.o
                0x200023f0                pdm_setup_hw
 .text.pdm_change_pin
                0x200024ec       0xc4 CMakeFiles/foxdac.dir/pdm_generator.c.o
                0x200024ec                pdm_change_pin
 .text.pdm_push_sample
                0x200025b0       0x50 CMakeFiles/foxdac.dir/pdm_generator.c.o
                0x200025b0                pdm_push_sample
 .text.pdm_core1_entry
                0x20002600      0x810 CMakeFiles/foxdac.dir/pdm_generator.c.o
                0x20002600                pdm_core1_entry
 .text.as_set_alternate
                0x20002e10       0x14 CMakeFiles/foxdac.dir/usb_audio.c.o
 .text._get_descriptor_string
                0x20002e24       0x18 CMakeFiles/foxdac.dir/usb_audio.c.o
 .text.vendor_cmd_packet
                0x20002e3c      0x624 CMakeFiles/foxdac.dir/usb_audio.c.o
 .text.audio_cmd_packet
                0x20003460       0xd0 CMakeFiles/foxdac.dir/usb_audio.c.o
 .text._as_setup_request_handler
                0x20003530       0xf8 CMakeFiles/foxdac.dir/usb_audio.c.o
 .text.device_setup_request_handler
                0x20003628       0xa8 CMakeFiles/foxdac.dir/usb_audio.c.o
 .text.vendor_setup_request_handler
                0x200036d0      0x828 CMakeFiles/foxdac.dir/usb_audio.c.o
 .text.ac_setup_request_handler
                0x20003ef8      0x104 CMakeFiles/foxdac.dir/usb_audio.c.o
 .text.audio_set_volume
                0x20003ffc       0x58 CMakeFiles/foxdac.dir/usb_audio.c.o
                0x20003ffc                audio_set_volume
 .text.usb_sound_card_init
                0x20004054      0x2a8 CMakeFiles/foxdac.dir/usb_audio.c.o
                0x20004054                usb_sound_card_init
 .text.gpio_set_function
                0x200042fc       0x3c CMakeFiles/foxdac.dir/Users/giubeppe/Documents/projects/raspberry_pico/pico-sdk/src/rp2_common/hardware_gpio/gpio.c.o
                0x200042fc                gpio_set_function
 .text.gpio_init
                0x20004338       0x4c CMakeFiles/foxdac.dir/Users/giubeppe/Documents/projects/raspberry_pico/pico-sdk/src/rp2_common/hardware_gpio/gpio.c.o
                0x20004338                gpio_init
 .text.panic    0x20004384       0x30 CMakeFiles/foxdac.dir/Users/giubeppe/Documents/projects/raspberry_pico/pico-sdk/src/rp2_common/pico_platform_panic/panic.c.o
                0x20004384                panic
 .text.panic_unsupported
                0x200043b4        0xc CMakeFiles/foxdac.dir/Users/giubeppe/Documents/projects/raspberry_pico/pico-sdk/src/rp2_common/pico_platform_panic/panic.c.o
                0x200043b4                panic_unsupported
 .text.hw_claim_lock
                0x200043c0       0x24 CMakeFiles/foxdac.dir/Users/giubeppe/Documents/projects/raspberry_pico/pico-sdk/src/common/hardware_claim/claim.c.o
                0x200043c0                hw_claim_lock
 .text.hw_claim_unlock
                0x200043e4       0x14 CMakeFiles/foxdac.dir/Users/giubeppe/Documents/projects/raspberry_pico/pico-sdk/src/common/hardware_claim/claim.c.o
                0x200043e4                hw_claim_unlock
 .text.hw_claim_or_assert
                0x200043f8       0x58 CMakeFiles/foxdac.dir/Users/giubeppe/Documents/projects/raspberry_pico/pico-sdk/src/common/hardware_claim/claim.c.o
                0x200043f8                hw_claim_or_assert
 .text.hw_claim_unused_from_range
                0x20004450       0x84 CMakeFiles/foxdac.dir/Users/giubeppe/Documents/projects/raspberry_pico/pico-sdk/src/common/hardware_claim/claim.c.o
                0x20004450                hw_claim_unused_from_range
 .text.next_striped_spin_lock_num
                0x200044d4       0x18 CMakeFiles/foxdac.dir/Users/giubeppe/Documents/projects/raspberry_pico/pico-sdk/src/rp2_common/hardware_sync/sync.c.o
                0x200044d4                next_striped_spin_lock_num
 .text.spinlock_set_extexclall
                0x200044ec       0x10 CMakeFiles/foxdac.dir/Users/giubeppe/Documents/projects/raspberry_pico/pico-sdk/src/rp2_common/hardware_sync_spin_lock/sync_spin_lock.c.o
 .text.spin_locks_reset
                0x200044fc       0x18 CMakeFiles/foxdac.dir/Users/giubeppe/Documents/projects/raspberry_pico/pico-sdk/src/rp2_common/hardware_sync_spin_lock/sync_spin_lock.c.o
                0x200044fc                spin_locks_reset
 .text.spin_lock_init
                0x20004514       0x10 CMakeFiles/foxdac.dir/Users/giubeppe/Documents/projects/raspberry_pico/pico-sdk/src/rp2_common/hardware_sync_spin_lock/sync_spin_lock.c.o
                0x20004514                spin_lock_init
 .text.runtime_init_per_core_irq_priorities
                0x20004524       0x20 CMakeFiles/foxdac.dir/Users/giubeppe/Documents/projects/raspberry_pico/pico-sdk/src/rp2_common/hardware_irq/irq.c.o
                0x20004524                runtime_init_per_core_irq_priorities
 .text.irq_set_enabled
                0x20004544       0x2c CMakeFiles/foxdac.dir/Users/giubeppe/Documents/projects/raspberry_pico/pico-sdk/src/rp2_common/hardware_irq/irq.c.o
                0x20004544                irq_set_enabled
 .text.irq_is_enabled
                0x20004570       0x20 CMakeFiles/foxdac.dir/Users/giubeppe/Documents/projects/raspberry_pico/pico-sdk/src/rp2_common/hardware_irq/irq.c.o
                0x20004570                irq_is_enabled
 .text.irq_set_exclusive_handler
                0x20004590       0x70 CMakeFiles/foxdac.dir/Users/giubeppe/Documents/projects/raspberry_pico/pico-sdk/src/rp2_common/hardware_irq/irq.c.o
                0x20004590                irq_set_exclusive_handler
 .text.irq_add_shared_handler
                0x20004600      0x1f4 CMakeFiles/foxdac.dir/Users/giubeppe/Documents/projects/raspberry_pico/pico-sdk/src/rp2_common/hardware_irq/irq.c.o
                0x20004600                irq_add_shared_handler
 .text.irq_set_priority
                0x200047f4       0x28 CMakeFiles/foxdac.dir/Users/giubeppe/Documents/projects/raspberry_pico/pico-sdk/src/rp2_common/hardware_irq/irq.c.o
                0x200047f4                irq_set_priority
 .text.irq_add_tail_to_free_list
                0x2000481c       0xb0 CMakeFiles/foxdac.dir/Users/giubeppe/Documents/projects/raspberry_pico/pico-sdk/src/rp2_common/hardware_irq/irq.c.o
                0x2000481c                irq_add_tail_to_free_list
 .text.lock_init
                0x200048cc        0xc CMakeFiles/foxdac.dir/Users/giubeppe/Documents/projects/raspberry_pico/pico-sdk/src/common/pico_sync/lock_core.c.o
                0x200048cc                lock_init
 .text.runtime_init_mutex
                0x200048d8       0x50 CMakeFiles/foxdac.dir/Users/giubeppe/Documents/projects/raspberry_pico/pico-sdk/src/common/pico_sync/mutex.c.o
                0x200048d8                runtime_init_mutex
 .text.sleep_until_callback
                0x20004928       0x3c CMakeFiles/foxdac.dir/Users/giubeppe/Documents/projects/raspberry_pico/pico-sdk/src/common/pico_time/time.c.o
 *fill*         0x20004964        0x4 
 .text.alarm_pool_irq_handler
                0x20004968      0x2ec CMakeFiles/foxdac.dir/Users/giubeppe/Documents/projects/raspberry_pico/pico-sdk/src/common/pico_time/time.c.o
 .text.runtime_init_default_alarm_pool
                0x20004c54       0xa4 CMakeFiles/foxdac.dir/Users/giubeppe/Documents/projects/raspberry_pico/pico-sdk/src/common/pico_time/time.c.o
                0x20004c54                runtime_init_default_alarm_pool
 .text.alarm_pool_add_alarm_at_force_in_context
                0x20004cf8       0xcc CMakeFiles/foxdac.dir/Users/giubeppe/Documents/projects/raspberry_pico/pico-sdk/src/common/pico_time/time.c.o
                0x20004cf8                alarm_pool_add_alarm_at_force_in_context
 .text.alarm_pool_cancel_alarm
                0x20004dc4       0x84 CMakeFiles/foxdac.dir/Users/giubeppe/Documents/projects/raspberry_pico/pico-sdk/src/common/pico_time/time.c.o
                0x20004dc4                alarm_pool_cancel_alarm
 .text.best_effort_wfe_or_timeout
                0x20004e48       0xf8 CMakeFiles/foxdac.dir/Users/giubeppe/Documents/projects/raspberry_pico/pico-sdk/src/common/pico_time/time.c.o
                0x20004e48                best_effort_wfe_or_timeout
 .text.timer_hardware_alarm_claim
                0x20004f40       0x24 CMakeFiles/foxdac.dir/Users/giubeppe/Documents/projects/raspberry_pico/pico-sdk/src/rp2_common/hardware_timer/timer.c.o
                0x20004f40                timer_hardware_alarm_claim
 .text.timer_time_us_64
                0x20004f64       0x10 CMakeFiles/foxdac.dir/Users/giubeppe/Documents/projects/raspberry_pico/pico-sdk/src/rp2_common/hardware_timer/timer.c.o
                0x20004f64                timer_time_us_64
 .text.time_us_64
                0x20004f74       0x14 CMakeFiles/foxdac.dir/Users/giubeppe/Documents/projects/raspberry_pico/pico-sdk/src/rp2_common/hardware_timer/timer.c.o
                0x20004f74                time_us_64
 .text.busy_wait_us
                0x20004f88       0x60 CMakeFiles/foxdac.dir/Users/giubeppe/Documents/projects/raspberry_pico/pico-sdk/src/rp2_common/hardware_timer/timer.c.o
                0x20004f88                busy_wait_us
 .text.busy_wait_ms
                0x20004fe8       0x94 CMakeFiles/foxdac.dir/Users/giubeppe/Documents/projects/raspberry_pico/pico-sdk/src/rp2_common/hardware_timer/timer.c.o
                0x20004fe8                busy_wait_ms
 .text.clock_configure_internal
                0x2000507c       0xd8 CMakeFiles/foxdac.dir/Users/giubeppe/Documents/projects/raspberry_pico/pico-sdk/src/rp2_common/hardware_clocks/clocks.c.o
 .text.clock_configure_undivided
                0x20005154       0x14 CMakeFiles/foxdac.dir/Users/giubeppe/Documents/projects/raspberry_pico/pico-sdk/src/rp2_common/hardware_clocks/clocks.c.o
                0x20005154                clock_configure_undivided
 .text.clock_get_hz
                0x20005168        0xc CMakeFiles/foxdac.dir/Users/giubeppe/Documents/projects/raspberry_pico/pico-sdk/src/rp2_common/hardware_clocks/clocks.c.o
                0x20005168                clock_get_hz
 .text.set_sys_clock_pll
                0x20005174       0x6c CMakeFiles/foxdac.dir/Users/giubeppe/Documents/projects/raspberry_pico/pico-sdk/src/rp2_common/hardware_clocks/clocks.c.o
                0x20005174                set_sys_clock_pll
 .text.check_sys_clock_hz
                0x200051e0       0x7c CMakeFiles/foxdac.dir/Users/giubeppe/Documents/projects/raspberry_pico/pico-sdk/src/rp2_common/hardware_clocks/clocks.c.o
                0x200051e0                check_sys_clock_hz
 .text.pll_init
                0x2000525c       0x90 CMakeFiles/foxdac.dir/Users/giubeppe/Documents/projects/raspberry_pico/pico-sdk/src/rp2_common/hardware_pll/pll.c.o
                0x2000525c                pll_init
 .text.vreg_set_voltage
                0x200052ec       0x44 CMakeFiles/foxdac.dir/Users/giubeppe/Documents/projects/raspberry_pico/pico-sdk/src/rp2_common/hardware_vreg/vreg.c.o
                0x200052ec                vreg_set_voltage
 .text.vreg_get_voltage
                0x20005330       0x10 CMakeFiles/foxdac.dir/Users/giubeppe/Documents/projects/raspberry_pico/pico-sdk/src/rp2_common/hardware_vreg/vreg.c.o
                0x20005330                vreg_get_voltage
 .text.watchdog_update
                0x20005340       0x14 CMakeFiles/foxdac.dir/Users/giubeppe/Documents/projects/raspberry_pico/pico-sdk/src/rp2_common/hardware_watchdog/watchdog.c.o
                0x20005340                watchdog_update
 .text.watchdog_enable
                0x20005354       0x80 CMakeFiles/foxdac.dir/Users/giubeppe/Documents/projects/raspberry_pico/pico-sdk/src/rp2_common/hardware_watchdog/watchdog.c.o
                0x20005354                watchdog_enable
 .text.tick_start
                0x200053d4       0x18 CMakeFiles/foxdac.dir/Users/giubeppe/Documents/projects/raspberry_pico/pico-sdk/src/rp2_common/hardware_ticks/ticks.c.o
                0x200053d4                tick_start
 .text.rom_func_lookup
                0x200053ec       0x18 CMakeFiles/foxdac.dir/Users/giubeppe/Documents/projects/raspberry_pico/pico-sdk/src/rp2_common/pico_bootrom/bootrom.c.o
                0x200053ec                rom_func_lookup
 .text.runtime_init_bootrom_locking_enable
                0x20005404       0x14 CMakeFiles/foxdac.dir/Users/giubeppe/Documents/projects/raspberry_pico/pico-sdk/src/rp2_common/pico_bootrom/bootrom_lock.c.o
                0x20005404                runtime_init_bootrom_locking_enable
 .text.runtime_init_boot_locks_reset
                0x20005418       0x1c CMakeFiles/foxdac.dir/Users/giubeppe/Documents/projects/raspberry_pico/pico-sdk/src/rp2_common/hardware_boot_lock/boot_lock.c.o
                0x20005418                runtime_init_boot_locks_reset
 .text.xosc_init
                0x20005434       0x2c CMakeFiles/foxdac.dir/Users/giubeppe/Documents/projects/raspberry_pico/pico-sdk/src/rp2_common/hardware_xosc/xosc.c.o
                0x20005434                xosc_init
 .text.first_per_core_initializer
                0x20005460        0x4 CMakeFiles/foxdac.dir/Users/giubeppe/Documents/projects/raspberry_pico/pico-sdk/src/rp2_common/pico_runtime/runtime.c.o
 .text.hard_assertion_failure
                0x20005464        0xc CMakeFiles/foxdac.dir/Users/giubeppe/Documents/projects/raspberry_pico/pico-sdk/src/rp2_common/pico_runtime/runtime.c.o
                0x20005464                hard_assertion_failure
 .text.runtime_run_initializers
                0x20005470       0x20 CMakeFiles/foxdac.dir/Users/giubeppe/Documents/projects/raspberry_pico/pico-sdk/src/rp2_common/pico_runtime/runtime.c.o
                0x20005470                runtime_run_initializers
 .text.runtime_run_per_core_initializers
                0x20005490       0x20 CMakeFiles/foxdac.dir/Users/giubeppe/Documents/projects/raspberry_pico/pico-sdk/src/rp2_common/pico_runtime/runtime.c.o
                0x20005490                runtime_run_per_core_initializers
 .text.runtime_init_early_resets
                0x200054b0       0x30 CMakeFiles/foxdac.dir/Users/giubeppe/Documents/projects/raspberry_pico/pico-sdk/src/rp2_common/pico_runtime_init/runtime_init.c.o
                0x200054b0                runtime_init_early_resets
 .text.runtime_init_usb_power_down
                0x200054e0       0x1c CMakeFiles/foxdac.dir/Users/giubeppe/Documents/projects/raspberry_pico/pico-sdk/src/rp2_common/pico_runtime_init/runtime_init.c.o
                0x200054e0                runtime_init_usb_power_down
 .text.runtime_init_per_core_enable_coprocessors
                0x200054fc       0x1c CMakeFiles/foxdac.dir/Users/giubeppe/Documents/projects/raspberry_pico/pico-sdk/src/rp2_common/pico_runtime_init/runtime_init.c.o
                0x200054fc                runtime_init_per_core_enable_coprocessors
 .text.runtime_init_post_clock_resets
                0x20005518       0x20 CMakeFiles/foxdac.dir/Users/giubeppe/Documents/projects/raspberry_pico/pico-sdk/src/rp2_common/pico_runtime_init/runtime_init.c.o
                0x20005518                runtime_init_post_clock_resets
 .text.runtime_init_bootrom_reset
                0x20005538       0x14 CMakeFiles/foxdac.dir/Users/giubeppe/Documents/projects/raspberry_pico/pico-sdk/src/rp2_common/pico_runtime_init/runtime_init.c.o
                0x20005538                runtime_init_bootrom_reset
 .text.runtime_init_per_core_bootrom_reset
                0x2000554c       0x14 CMakeFiles/foxdac.dir/Users/giubeppe/Documents/projects/raspberry_pico/pico-sdk/src/rp2_common/pico_runtime_init/runtime_init.c.o
                0x2000554c                runtime_init_per_core_bootrom_reset
 .text.runtime_init_spin_locks_reset
                0x20005560        0x4 CMakeFiles/foxdac.dir/Users/giubeppe/Documents/projects/raspberry_pico/pico-sdk/src/rp2_common/pico_runtime_init/runtime_init.c.o
                0x20005560                runtime_init_spin_locks_reset
 .text.runtime_init_install_ram_vector_table
                0x20005564       0x4c CMakeFiles/foxdac.dir/Users/giubeppe/Documents/projects/raspberry_pico/pico-sdk/src/rp2_common/pico_runtime_init/runtime_init.c.o
                0x20005564                runtime_init_install_ram_vector_table
 .text.runtime_init_clocks
                0x200055b0       0xdc CMakeFiles/foxdac.dir/Users/giubeppe/Documents/projects/raspberry_pico/pico-sdk/src/rp2_common/pico_runtime_init/runtime_init_clocks.c.o
                0x200055b0                runtime_init_clocks
 .text.__rp2350_dcp_engaged_state_save_restore
                0x2000568c       0x3a CMakeFiles/foxdac.dir/Users/giubeppe/Documents/projects/raspberry_pico/pico-sdk/src/rp2_common/pico_double/double_aeabi_dcp.S.o
 *fill*         0x200056c6        0x2 
 .text.__wrap___aeabi_dadd
                0x200056c8       0x28 CMakeFiles/foxdac.dir/Users/giubeppe/Documents/projects/raspberry_pico/pico-sdk/src/rp2_common/pico_double/double_aeabi_dcp.S.o
                0x200056d0                __wrap___aeabi_dadd
 .text.__wrap___aeabi_dsub
                0x200056f0       0x28 CMakeFiles/foxdac.dir/Users/giubeppe/Documents/projects/raspberry_pico/pico-sdk/src/rp2_common/pico_double/double_aeabi_dcp.S.o
                0x200056f8                __wrap___aeabi_dsub
 .text.__wrap___aeabi_dmul
                0x20005718       0x4c CMakeFiles/foxdac.dir/Users/giubeppe/Documents/projects/raspberry_pico/pico-sdk/src/rp2_common/pico_double/double_aeabi_dcp.S.o
                0x20005720                __wrap___aeabi_dmul
 .text.__wrap___aeabi_ddiv
                0x20005764       0x9c CMakeFiles/foxdac.dir/Users/giubeppe/Documents/projects/raspberry_pico/pico-sdk/src/rp2_common/pico_double/double_aeabi_dcp.S.o
                0x2000576c                __wrap___aeabi_ddiv
 .text.__wrap___aeabi_d2f
                0x20005800       0x1c CMakeFiles/foxdac.dir/Users/giubeppe/Documents/projects/raspberry_pico/pico-sdk/src/rp2_common/pico_double/double_aeabi_dcp.S.o
                0x20005808                double2float
                0x20005808                __wrap___aeabi_d2f
 .text.__wrap___aeabi_i2d
                0x2000581c       0x24 CMakeFiles/foxdac.dir/Users/giubeppe/Documents/projects/raspberry_pico/pico-sdk/src/rp2_common/pico_double/double_aeabi_dcp.S.o
                0x20005824                __wrap___aeabi_i2d
                0x20005824                int2double
 .text.__wrap___aeabi_ui2d
                0x20005840       0x24 CMakeFiles/foxdac.dir/Users/giubeppe/Documents/projects/raspberry_pico/pico-sdk/src/rp2_common/pico_double/double_aeabi_dcp.S.o
                0x20005848                __wrap___aeabi_ui2d
                0x20005848                uint2double
 .text.__wrap___aeabi_d2iz
                0x20005864       0x24 CMakeFiles/foxdac.dir/Users/giubeppe/Documents/projects/raspberry_pico/pico-sdk/src/rp2_common/pico_double/double_aeabi_dcp.S.o
                0x2000586c                __wrap___aeabi_d2iz
                0x2000586c                double2int_z
 .text.__wrap___aeabi_d2uiz
                0x20005888       0x24 CMakeFiles/foxdac.dir/Users/giubeppe/Documents/projects/raspberry_pico/pico-sdk/src/rp2_common/pico_double/double_aeabi_dcp.S.o
                0x20005890                double2uint_z
                0x20005890                double2uint
                0x20005890                __wrap___aeabi_d2uiz
 .text.__wrap___aeabi_dcmpun
                0x200058ac       0x24 CMakeFiles/foxdac.dir/Users/giubeppe/Documents/projects/raspberry_pico/pico-sdk/src/rp2_common/pico_double/double_aeabi_dcp.S.o
                0x200058b4                __wrap___aeabi_dcmpun
 .text.__wrap___aeabi_dcmplt
                0x200058d0       0x28 CMakeFiles/foxdac.dir/Users/giubeppe/Documents/projects/raspberry_pico/pico-sdk/src/rp2_common/pico_double/double_aeabi_dcp.S.o
                0x200058d8                __wrap___aeabi_dcmplt
 .text.__wrap___aeabi_dcmple
                0x200058f8       0x28 CMakeFiles/foxdac.dir/Users/giubeppe/Documents/projects/raspberry_pico/pico-sdk/src/rp2_common/pico_double/double_aeabi_dcp.S.o
                0x20005900                __wrap___aeabi_dcmple
 .text.__wrap___aeabi_dcmpge
                0x20005920       0x28 CMakeFiles/foxdac.dir/Users/giubeppe/Documents/projects/raspberry_pico/pico-sdk/src/rp2_common/pico_double/double_aeabi_dcp.S.o
                0x20005928                __wrap___aeabi_dcmpge
 .text.__wrap___aeabi_dcmpgt
                0x20005948       0x28 CMakeFiles/foxdac.dir/Users/giubeppe/Documents/projects/raspberry_pico/pico-sdk/src/rp2_common/pico_double/double_aeabi_dcp.S.o
                0x20005950                __wrap___aeabi_dcmpgt
 .text.dpack    0x20005970       0x58 CMakeFiles/foxdac.dir/Users/giubeppe/Documents/projects/raspberry_pico/pico-sdk/src/rp2_common/pico_double/double_sci_m33.S.o
 .text.dreduce  0x200059c8       0x7a CMakeFiles/foxdac.dir/Users/giubeppe/Documents/projects/raspberry_pico/pico-sdk/src/rp2_common/pico_double/double_sci_m33.S.o
 *fill*         0x20005a42        0x2 
 .text.exptab   0x20005a44      0x1fc CMakeFiles/foxdac.dir/Users/giubeppe/Documents/projects/raspberry_pico/pico-sdk/src/rp2_common/pico_double/double_sci_m33.S.o
                0x20005a44                exptab0
                0x20005aa4                exptab1
                0x20005b34                exptab2
                0x20005bb4                logtab0
 .text.__wrap_exp
                0x20005c40      0x148 CMakeFiles/foxdac.dir/Users/giubeppe/Documents/projects/raspberry_pico/pico-sdk/src/rp2_common/pico_double/double_sci_m33.S.o
                0x20005c6a                __wrap_exp
 .text.__wrap_log
                0x20005d88      0x358 CMakeFiles/foxdac.dir/Users/giubeppe/Documents/projects/raspberry_pico/pico-sdk/src/rp2_common/pico_double/double_sci_m33.S.o
                0x20005f66                __wrap_log
 .text.fpow_int2
                0x200060e0      0x104 CMakeFiles/foxdac.dir/Users/giubeppe/Documents/projects/raspberry_pico/pico-sdk/src/rp2_common/pico_float/float_math.c.o
 .text.fpow_0   0x200061e4       0xec CMakeFiles/foxdac.dir/Users/giubeppe/Documents/projects/raspberry_pico/pico-sdk/src/rp2_common/pico_float/float_math.c.o
 .text.__wrap_log10f
                0x200062d0       0x1c CMakeFiles/foxdac.dir/Users/giubeppe/Documents/projects/raspberry_pico/pico-sdk/src/rp2_common/pico_float/float_math.c.o
                0x200062d0                __wrap_log10f
 .text.__wrap_powf
                0x200062ec      0x1a8 CMakeFiles/foxdac.dir/Users/giubeppe/Documents/projects/raspberry_pico/pico-sdk/src/rp2_common/pico_float/float_math.c.o
                0x200062ec                __wrap_powf
 .text.frrcore_v
                0x20006494       0x54 CMakeFiles/foxdac.dir/Users/giubeppe/Documents/projects/raspberry_pico/pico-sdk/src/rp2_common/pico_float/float_sci_m33_vfp.S.o
 .text.__wrap_expf
                0x200064e8      0x15c CMakeFiles/foxdac.dir/Users/giubeppe/Documents/projects/raspberry_pico/pico-sdk/src/rp2_common/pico_float/float_sci_m33_vfp.S.o
                0x200064e8                __wrap_expf
 *fill*         0x20006644        0x4 
 .text.__wrap_logf
                0x20006648      0x188 CMakeFiles/foxdac.dir/Users/giubeppe/Documents/projects/raspberry_pico/pico-sdk/src/rp2_common/pico_float/float_sci_m33_vfp.S.o
                0x20006648                __wrap_logf
 .text.__wrap_fsin_fcos
                0x200067d0      0x388 CMakeFiles/foxdac.dir/Users/giubeppe/Documents/projects/raspberry_pico/pico-sdk/src/rp2_common/pico_float/float_sci_m33_vfp.S.o
                0x200068ac                __wrap_sincosf
                0x20006918                __wrap_sinf
                0x2000691e                __wrap_cosf
 .text.__wrap_malloc
                0x20006b58       0x38 CMakeFiles/foxdac.dir/Users/giubeppe/Documents/projects/raspberry_pico/pico-sdk/src/rp2_common/pico_malloc/malloc.c.o
                0x20006b58                __wrap_malloc
 .text.__wrap_calloc
                0x20006b90       0x40 CMakeFiles/foxdac.dir/Users/giubeppe/Documents/projects/raspberry_pico/pico-sdk/src/rp2_common/pico_malloc/malloc.c.o
                0x20006b90                __wrap_calloc
 .text.__wrap_free
                0x20006bd0       0x20 CMakeFiles/foxdac.dir/Users/giubeppe/Documents/projects/raspberry_pico/pico-sdk/src/rp2_common/pico_malloc/malloc.c.o
                0x20006bd0                __wrap_free
 .text._out_null
                0x20006bf0        0x4 CMakeFiles/foxdac.dir/Users/giubeppe/Documents/projects/raspberry_pico/pico-sdk/src/rp2_common/pico_printf/printf.c.o
 .text._out_rev
                0x20006bf4       0xa8 CMakeFiles/foxdac.dir/Users/giubeppe/Documents/projects/raspberry_pico/pico-sdk/src/rp2_common/pico_printf/printf.c.o
 .text._ntoa_format
                0x20006c9c      0x1dc CMakeFiles/foxdac.dir/Users/giubeppe/Documents/projects/raspberry_pico/pico-sdk/src/rp2_common/pico_printf/printf.c.o
 .text._ntoa_long
                0x20006e78       0x98 CMakeFiles/foxdac.dir/Users/giubeppe/Documents/projects/raspberry_pico/pico-sdk/src/rp2_common/pico_printf/printf.c.o
 .text._ntoa_long_long
                0x20006f10       0xb8 CMakeFiles/foxdac.dir/Users/giubeppe/Documents/projects/raspberry_pico/pico-sdk/src/rp2_common/pico_printf/printf.c.o
 .text._etoa    0x20006fc8      0x554 CMakeFiles/foxdac.dir/Users/giubeppe/Documents/projects/raspberry_pico/pico-sdk/src/rp2_common/pico_printf/printf.c.o
 *fill*         0x2000751c        0x4 
 .text._ftoa    0x20007520      0x3b8 CMakeFiles/foxdac.dir/Users/giubeppe/Documents/projects/raspberry_pico/pico-sdk/src/rp2_common/pico_printf/printf.c.o
 .text._out_char
                0x200078d8        0x8 CMakeFiles/foxdac.dir/Users/giubeppe/Documents/projects/raspberry_pico/pico-sdk/src/rp2_common/pico_printf/printf.c.o
 .text._out_fct
                0x200078e0        0xc CMakeFiles/foxdac.dir/Users/giubeppe/Documents/projects/raspberry_pico/pico-sdk/src/rp2_common/pico_printf/printf.c.o
 *fill*         0x200078ec        0x4 
 .text._vsnprintf
                0x200078f0      0x738 CMakeFiles/foxdac.dir/Users/giubeppe/Documents/projects/raspberry_pico/pico-sdk/src/rp2_common/pico_printf/printf.c.o
 .text.vfctprintf
                0x20008028       0x24 CMakeFiles/foxdac.dir/Users/giubeppe/Documents/projects/raspberry_pico/pico-sdk/src/rp2_common/pico_printf/printf.c.o
                0x20008028                vfctprintf
 .text.weak_raw_vprintf
                0x2000804c       0x30 CMakeFiles/foxdac.dir/Users/giubeppe/Documents/projects/raspberry_pico/pico-sdk/src/rp2_common/pico_printf/printf.c.o
                0x2000804c                weak_raw_vprintf
 .text._exit    0x2000807c        0x4 CMakeFiles/foxdac.dir/Users/giubeppe/Documents/projects/raspberry_pico/pico-sdk/src/rp2_common/pico_clib_interface/newlib_interface.c.o
                0x2000807c                _exit
 .text._sbrk    0x20008080       0x2c CMakeFiles/foxdac.dir/Users/giubeppe/Documents/projects/raspberry_pico/pico-sdk/src/rp2_common/pico_clib_interface/newlib_interface.c.o
                0x20008080                _sbrk
 .text.exit     0x200080ac        0x8 CMakeFiles/foxdac.dir/Users/giubeppe/Documents/projects/raspberry_pico/pico-sdk/src/rp2_common/pico_clib_interface/newlib_interface.c.o
                0x200080ac                exit
 .text.runtime_init
                0x200080b4       0x24 CMakeFiles/foxdac.dir/Users/giubeppe/Documents/projects/raspberry_pico/pico-sdk/src/rp2_common/pico_clib_interface/newlib_interface.c.o
                0x200080b4                runtime_init
 .text.stdio_out_chars_no_crlf
                0x200080d8        0x8 CMakeFiles/foxdac.dir/Users/giubeppe/Documents/projects/raspberry_pico/pico-sdk/src/rp2_common/pico_stdio/stdio.c.o
 .text.stdio_out_chars_crlf
                0x200080e0       0xb0 CMakeFiles/foxdac.dir/Users/giubeppe/Documents/projects/raspberry_pico/pico-sdk/src/rp2_common/pico_stdio/stdio.c.o
 .text.stdio_buffered_printer
                0x20008190       0x5c CMakeFiles/foxdac.dir/Users/giubeppe/Documents/projects/raspberry_pico/pico-sdk/src/rp2_common/pico_stdio/stdio.c.o
 .text.stdio_put_string
                0x200081ec       0xc4 CMakeFiles/foxdac.dir/Users/giubeppe/Documents/projects/raspberry_pico/pico-sdk/src/rp2_common/pico_stdio/stdio.c.o
                0x200081ec                stdio_put_string
 .text.__wrap_putchar
                0x200082b0       0x20 CMakeFiles/foxdac.dir/Users/giubeppe/Documents/projects/raspberry_pico/pico-sdk/src/rp2_common/pico_stdio/stdio.c.o
                0x200082b0                stdio_putchar
                0x200082b0                __wrap_putchar
 .text.__wrap_puts
                0x200082d0       0x30 CMakeFiles/foxdac.dir/Users/giubeppe/Documents/projects/raspberry_pico/pico-sdk/src/rp2_common/pico_stdio/stdio.c.o
                0x200082d0                __wrap_puts
                0x200082d0                stdio_puts
 .text.__wrap_vprintf
                0x20008300       0xbc CMakeFiles/foxdac.dir/Users/giubeppe/Documents/projects/raspberry_pico/pico-sdk/src/rp2_common/pico_stdio/stdio.c.o
                0x20008300                __wrap_vprintf
                0x20008300                stdio_vprintf
 .text.__wrap_printf
                0x200083bc       0x1c CMakeFiles/foxdac.dir/Users/giubeppe/Documents/projects/raspberry_pico/pico-sdk/src/rp2_common/pico_stdio/stdio.c.o
                0x200083bc                stdio_printf
                0x200083bc                __wrap_printf
 .text.core1_trampoline
                0x200083d8        0x4 CMakeFiles/foxdac.dir/Users/giubeppe/Documents/projects/raspberry_pico/pico-sdk/src/rp2_common/pico_multicore/multicore.c.o
 .text.core1_wrapper
                0x200083dc       0x14 CMakeFiles/foxdac.dir/Users/giubeppe/Documents/projects/raspberry_pico/pico-sdk/src/rp2_common/pico_multicore/multicore.c.o
                0x200083dc                core1_wrapper
 .text.multicore_launch_core1_raw
                0x200083f0       0x80 CMakeFiles/foxdac.dir/Users/giubeppe/Documents/projects/raspberry_pico/pico-sdk/src/rp2_common/pico_multicore/multicore.c.o
                0x200083f0                multicore_launch_core1_raw
 .text.multicore_launch_core1
                0x20008470       0x48 CMakeFiles/foxdac.dir/Users/giubeppe/Documents/projects/raspberry_pico/pico-sdk/src/rp2_common/pico_multicore/multicore.c.o
                0x20008470                multicore_launch_core1
 .text.startup._retrieve_unique_id_on_boot
                0x200084b8       0x30 CMakeFiles/foxdac.dir/Users/giubeppe/Documents/projects/raspberry_pico/pico-sdk/src/rp2_common/pico_unique_id/unique_id.c.o
 .text.pico_get_unique_board_id_string
                0x200084e8       0x58 CMakeFiles/foxdac.dir/Users/giubeppe/Documents/projects/raspberry_pico/pico-sdk/src/rp2_common/pico_unique_id/unique_id.c.o
                0x200084e8                pico_get_unique_board_id_string
 .text.adc_init
                0x20008540       0x30 CMakeFiles/foxdac.dir/Users/giubeppe/Documents/projects/raspberry_pico/pico-sdk/src/rp2_common/hardware_adc/adc.c.o
                0x20008540                adc_init
 .text.update_pio_frequency
                0x20008570       0x50 CMakeFiles/foxdac.dir/__/pico-extras/src/rp2_common/pico_audio_spdif_multi/audio_spdif.c.o
 .text.init_spdif_buffer.isra.0
                0x200085c0       0x68 CMakeFiles/foxdac.dir/__/pico-extras/src/rp2_common/pico_audio_spdif_multi/audio_spdif.c.o
 .text.spdif_program_init
                0x20008628       0x64 CMakeFiles/foxdac.dir/__/pico-extras/src/rp2_common/pico_audio_spdif_multi/audio_spdif.c.o
                0x20008628                spdif_program_init
 .text.audio_spdif_setup
                0x2000868c      0x244 CMakeFiles/foxdac.dir/__/pico-extras/src/rp2_common/pico_audio_spdif_multi/audio_spdif.c.o
                0x2000868c                audio_spdif_setup
 .text.audio_spdif_connect_extra
                0x200088d0       0xc0 CMakeFiles/foxdac.dir/__/pico-extras/src/rp2_common/pico_audio_spdif_multi/audio_spdif.c.o
                0x200088d0                audio_spdif_connect_extra
 .text.audio_spdif_change_pin
                0x20008990       0xb4 CMakeFiles/foxdac.dir/__/pico-extras/src/rp2_common/pico_audio_spdif_multi/audio_spdif.c.o
                0x20008990                audio_spdif_change_pin
 .text.audio_spdif_set_enabled
                0x20008a44       0x94 CMakeFiles/foxdac.dir/__/pico-extras/src/rp2_common/pico_audio_spdif_multi/audio_spdif.c.o
                0x20008a44                audio_spdif_set_enabled
 .text.audio_spdif_enable_sync
                0x20008ad8      0x118 CMakeFiles/foxdac.dir/__/pico-extras/src/rp2_common/pico_audio_spdif_multi/audio_spdif.c.o
                0x20008ad8                audio_spdif_enable_sync
 .text.dma_channel_claim
                0x20008bf0       0x14 CMakeFiles/foxdac.dir/Users/giubeppe/Documents/projects/raspberry_pico/pico-sdk/src/rp2_common/hardware_dma/dma.c.o
                0x20008bf0                dma_channel_claim
 .text.dma_claim_unused_channel
                0x20008c04       0x24 CMakeFiles/foxdac.dir/Users/giubeppe/Documents/projects/raspberry_pico/pico-sdk/src/rp2_common/hardware_dma/dma.c.o
                0x20008c04                dma_claim_unused_channel
 .text.add_program_at_offset_check
                0x20008c28       0x50 CMakeFiles/foxdac.dir/Users/giubeppe/Documents/projects/raspberry_pico/pico-sdk/src/rp2_common/hardware_pio/pio.c.o
 .text.add_program_at_offset
                0x20008c78       0x64 CMakeFiles/foxdac.dir/Users/giubeppe/Documents/projects/raspberry_pico/pico-sdk/src/rp2_common/hardware_pio/pio.c.o
 .text.find_offset_for_program.isra.0
                0x20008cdc       0x5c CMakeFiles/foxdac.dir/Users/giubeppe/Documents/projects/raspberry_pico/pico-sdk/src/rp2_common/hardware_pio/pio.c.o
 .text.pio_sm_claim
                0x20008d38       0x48 CMakeFiles/foxdac.dir/Users/giubeppe/Documents/projects/raspberry_pico/pico-sdk/src/rp2_common/hardware_pio/pio.c.o
                0x20008d38                pio_sm_claim
 .text.pio_add_program
                0x20008d80       0x38 CMakeFiles/foxdac.dir/Users/giubeppe/Documents/projects/raspberry_pico/pico-sdk/src/rp2_common/hardware_pio/pio.c.o
                0x20008d80                pio_add_program
 .text.pio_sm_set_pins
                0x20008db8       0x64 CMakeFiles/foxdac.dir/Users/giubeppe/Documents/projects/raspberry_pico/pico-sdk/src/rp2_common/hardware_pio/pio.c.o
                0x20008db8                pio_sm_set_pins
 .text.pio_sm_set_pindirs_with_mask
                0x20008e1c       0x74 CMakeFiles/foxdac.dir/Users/giubeppe/Documents/projects/raspberry_pico/pico-sdk/src/rp2_common/hardware_pio/pio.c.o
                0x20008e1c                pio_sm_set_pindirs_with_mask
 .text.pio_sm_set_consecutive_pindirs
                0x20008e90       0x8c CMakeFiles/foxdac.dir/Users/giubeppe/Documents/projects/raspberry_pico/pico-sdk/src/rp2_common/hardware_pio/pio.c.o
                0x20008e90                pio_sm_set_consecutive_pindirs
 .text.pio_sm_init
                0x20008f1c       0xa8 CMakeFiles/foxdac.dir/Users/giubeppe/Documents/projects/raspberry_pico/pico-sdk/src/rp2_common/hardware_pio/pio.c.o
                0x20008f1c                pio_sm_init
 .text._Z21audio_new_buffer_poolP19audio_buffer_formatii
                0x20008fc4       0xd8 CMakeFiles/foxdac.dir/__/pico-extras/src/common/pico_audio/audio.cpp.o
                0x20008fc4                audio_new_buffer_pool(audio_buffer_format*, int, int)
 .text.audio_new_producer_pool
                0x2000909c        0xc CMakeFiles/foxdac.dir/__/pico-extras/src/common/pico_audio/audio.cpp.o
                0x2000909c                audio_new_producer_pool
 .text.audio_new_consumer_pool
                0x200090a8        0xc CMakeFiles/foxdac.dir/__/pico-extras/src/common/pico_audio/audio.cpp.o
                0x200090a8                audio_new_consumer_pool
 .text.audio_complete_connection
                0x200090b4        0xc CMakeFiles/foxdac.dir/__/pico-extras/src/common/pico_audio/audio.cpp.o
                0x200090b4                audio_complete_connection
 .text.stereo_to_stereo_consumer_take
                0x200090c0       0xac CMakeFiles/foxdac.dir/__/pico-extras/src/common/pico_audio/audio.cpp.o
                0x200090c0                stereo_to_stereo_consumer_take
 .text.stereo_to_stereo_producer_give
                0x2000916c       0x8c CMakeFiles/foxdac.dir/__/pico-extras/src/common/pico_audio/audio.cpp.o
                0x2000916c                stereo_to_stereo_producer_give
 .text.update_pio_frequency
                0x200091f8       0x50 CMakeFiles/foxdac.dir/__/pico-extras/src/rp2_common/pico_audio_i2s/audio_i2s.c.o
 .text.wrap_consumer_take
                0x20009248       0x38 CMakeFiles/foxdac.dir/__/pico-extras/src/rp2_common/pico_audio_i2s/audio_i2s.c.o
 .text.wrap_producer_give
                0x20009280       0x38 CMakeFiles/foxdac.dir/__/pico-extras/src/rp2_common/pico_audio_i2s/audio_i2s.c.o
 .text.audio_i2s_setup
                0x200092b8      0x16c CMakeFiles/foxdac.dir/__/pico-extras/src/rp2_common/pico_audio_i2s/audio_i2s.c.o
                0x200092b8                audio_i2s_setup
 .text.audio_i2s_connect_extra
                0x20009424       0xac CMakeFiles/foxdac.dir/__/pico-extras/src/rp2_common/pico_audio_i2s/audio_i2s.c.o
                0x20009424                audio_i2s_connect_extra
 .text.audio_i2s_set_enabled
                0x200094d0       0x90 CMakeFiles/foxdac.dir/__/pico-extras/src/rp2_common/pico_audio_i2s/audio_i2s.c.o
                0x200094d0                audio_i2s_set_enabled
 .text._usb_endpoint_hw_init
                0x20009560       0x9c CMakeFiles/foxdac.dir/__/pico-extras/src/rp2_common/usb_device/usb_device.c.o
 .text._tf_set_address
                0x200095fc       0x14 CMakeFiles/foxdac.dir/__/pico-extras/src/rp2_common/usb_device/usb_device.c.o
 .text._usb_endpoint_init_internal.isra.0
                0x20009610       0x3c CMakeFiles/foxdac.dir/__/pico-extras/src/rp2_common/usb_device/usb_device.c.o
 .text._usb_stall_endpoint.part.0
                0x2000964c       0x4c CMakeFiles/foxdac.dir/__/pico-extras/src/rp2_common/usb_device/usb_device.c.o
 .text._usb_reset_buffers
                0x20009698      0x110 CMakeFiles/foxdac.dir/__/pico-extras/src/rp2_common/usb_device/usb_device.c.o
 .text.usb_current_packet_buffer.part.0
                0x200097a8       0x78 CMakeFiles/foxdac.dir/__/pico-extras/src/rp2_common/usb_device/usb_device.c.o
 .text._usb_give_buffer
                0x20009820       0xa0 CMakeFiles/foxdac.dir/__/pico-extras/src/rp2_common/usb_device/usb_device.c.o
                0x20009820                _usb_give_buffer
 .text._usb_give_as_many_buffers_as_possible
                0x200098c0       0x84 CMakeFiles/foxdac.dir/__/pico-extras/src/rp2_common/usb_device/usb_device.c.o
                0x200098c0                _usb_give_as_many_buffers_as_possible
 .text._usb_check_for_transfer_completion
                0x20009944       0xa4 CMakeFiles/foxdac.dir/__/pico-extras/src/rp2_common/usb_device/usb_device.c.o
 .text._usb_handle_transfer
                0x200099e8       0xd0 CMakeFiles/foxdac.dir/__/pico-extras/src/rp2_common/usb_device/usb_device.c.o
 .text._usb_transfer_current_packet_only
                0x20009ab8       0x74 CMakeFiles/foxdac.dir/__/pico-extras/src/rp2_common/usb_device/usb_device.c.o
                0x20009ab8                _usb_transfer_current_packet_only
 .text.usb_packet_done
                0x20009b2c       0x74 CMakeFiles/foxdac.dir/__/pico-extras/src/rp2_common/usb_device/usb_device.c.o
                0x20009b2c                usb_packet_done
 .text.usb_set_default_transfer
                0x20009ba0        0x4 CMakeFiles/foxdac.dir/__/pico-extras/src/rp2_common/usb_device/usb_device.c.o
                0x20009ba0                usb_set_default_transfer
 .text.usb_reset_transfer
                0x20009ba4       0x14 CMakeFiles/foxdac.dir/__/pico-extras/src/rp2_common/usb_device/usb_device.c.o
                0x20009ba4                usb_reset_transfer
 .text._usb_reset_endpoint
                0x20009bb8       0x70 CMakeFiles/foxdac.dir/__/pico-extras/src/rp2_common/usb_device/usb_device.c.o
 .text._usb_handle_set_config
                0x20009c28       0x40 CMakeFiles/foxdac.dir/__/pico-extras/src/rp2_common/usb_device/usb_device.c.o
 .text.usb_stall_control_pipe
                0x20009c68       0x3c CMakeFiles/foxdac.dir/__/pico-extras/src/rp2_common/usb_device/usb_device.c.o
                0x20009c68                usb_stall_control_pipe
 .text.usb_interface_init
                0x20009ca4       0x70 CMakeFiles/foxdac.dir/__/pico-extras/src/rp2_common/usb_device/usb_device.c.o
                0x20009ca4                usb_interface_init
 .text.usb_device_init
                0x20009d14       0xc0 CMakeFiles/foxdac.dir/__/pico-extras/src/rp2_common/usb_device/usb_device.c.o
                0x20009d14                usb_device_init
 .text.usb_grow_transfer
                0x20009dd4       0x10 CMakeFiles/foxdac.dir/__/pico-extras/src/rp2_common/usb_device/usb_device.c.o
                0x20009dd4                usb_grow_transfer
 .text.usb_device_start
                0x20009de4       0xf0 CMakeFiles/foxdac.dir/__/pico-extras/src/rp2_common/usb_device/usb_device.c.o
                0x20009de4                usb_device_start
 .text.usb_start_tiny_control_in_transfer
                0x20009ed4       0x5c CMakeFiles/foxdac.dir/__/pico-extras/src/rp2_common/usb_device/usb_device.c.o
                0x20009ed4                usb_start_tiny_control_in_transfer
 .text.usb_start_single_buffer_control_in_transfer
                0x20009f30       0x3c CMakeFiles/foxdac.dir/__/pico-extras/src/rp2_common/usb_device/usb_device.c.o
                0x20009f30                usb_start_single_buffer_control_in_transfer
 .text.usb_start_control_out_transfer
                0x20009f6c       0x38 CMakeFiles/foxdac.dir/__/pico-extras/src/rp2_common/usb_device/usb_device.c.o
                0x20009f6c                usb_start_control_out_transfer
 .text.usb_start_empty_transfer
                0x20009fa4       0x50 CMakeFiles/foxdac.dir/__/pico-extras/src/rp2_common/usb_device/usb_device.c.o
                0x20009fa4                usb_start_empty_transfer
 .text._tf_send_control_in_ack
                0x20009ff4       0x14 CMakeFiles/foxdac.dir/__/pico-extras/src/rp2_common/usb_device/usb_device.c.o
 .text._tf_send_control_out_ack
                0x2000a008       0x14 CMakeFiles/foxdac.dir/__/pico-extras/src/rp2_common/usb_device/usb_device.c.o
 .text.isr_irq14
                0x2000a01c      0x5cc CMakeFiles/foxdac.dir/__/pico-extras/src/rp2_common/usb_device/usb_device.c.o
                0x2000a01c                isr_irq14
 .text.usb_start_empty_control_in_transfer_null_completion
                0x2000a5e8       0x14 CMakeFiles/foxdac.dir/__/pico-extras/src/rp2_common/usb_device/usb_device.c.o
                0x2000a5e8                usb_start_empty_control_in_transfer_null_completion
 .text.usb_current_in_packet_buffer
                0x2000a5fc       0x80 CMakeFiles/foxdac.dir/__/pico-extras/src/rp2_common/usb_device/usb_device.c.o
                0x2000a5fc                usb_current_in_packet_buffer
 .text.usb_current_out_packet_buffer
                0x2000a67c       0x80 CMakeFiles/foxdac.dir/__/pico-extras/src/rp2_common/usb_device/usb_device.c.o
                0x2000a67c                usb_current_out_packet_buffer
 .text.usb_stream_packet_handler_complete
                0x2000a6fc       0x6c CMakeFiles/foxdac.dir/__/pico-extras/src/rp2_common/usb_device/usb_stream_helper.c.o
                0x2000a6fc                usb_stream_packet_handler_complete
 .text._usb_stream_packet_packet_handler
                0x2000a768       0xdc CMakeFiles/foxdac.dir/__/pico-extras/src/rp2_common/usb_device/usb_stream_helper.c.o
                0x2000a768                _usb_stream_packet_packet_handler
 .text.usb_stream_setup_transfer
                0x2000a844       0x34 CMakeFiles/foxdac.dir/__/pico-extras/src/rp2_common/usb_device/usb_stream_helper.c.o
                0x2000a844                usb_stream_setup_transfer
 .text.usb_stream_noop_on_packet_complete
                0x2000a878        0x4 CMakeFiles/foxdac.dir/__/pico-extras/src/rp2_common/usb_device/usb_stream_helper.c.o
                0x2000a878                usb_stream_noop_on_packet_complete
 .text.usb_stream_noop_on_chunk
                0x2000a87c        0x4 CMakeFiles/foxdac.dir/__/pico-extras/src/rp2_common/usb_device/usb_stream_helper.c.o
                0x2000a87c                usb_stream_noop_on_chunk
 .text.rp2040_usb_device_enumeration_fix
                0x2000a880        0x4 CMakeFiles/foxdac.dir/Users/giubeppe/Documents/projects/raspberry_pico/pico-sdk/src/rp2_common/pico_fix/rp2040_usb_device_enumeration/rp2040_usb_device_enumeration.c.o
                0x2000a880                rp2040_usb_device_enumeration_fix
 .text          0x2000a884      0x378 /Applications/ArmGNUToolchain/15.2.rel1/arm-none-eabi/bin/../lib/gcc/arm-none-eabi/15.2.1/thumb/v8-m.main+fp/softfp/libgcc.a(_arm_addsubdf3.o)
                0x2000a884                __aeabi_drsub
                0x2000a88c                __subdf3
                0x2000a88c                __aeabi_dsub
                0x2000a890                __aeabi_dadd
                0x2000a890                __adddf3
                0x2000ab08                __aeabi_ui2d
                0x2000ab08                __floatunsidf
                0x2000ab28                __floatsidf
                0x2000ab28                __aeabi_i2d
                0x2000ab4c                __extendsfdf2
                0x2000ab4c                __aeabi_f2d
                0x2000ab90                __aeabi_ul2d
                0x2000ab90                __floatundidf
                0x2000aba0                __aeabi_l2d
                0x2000aba0                __floatdidf
 .text          0x2000abfc       0x30 /Applications/ArmGNUToolchain/15.2.rel1/arm-none-eabi/bin/../lib/gcc/arm-none-eabi/15.2.1/thumb/v8-m.main+fp/softfp/libgcc.a(_aeabi_uldivmod.o)
                0x2000abfc                __aeabi_uldivmod
 .text.__udivmoddi4
                0x2000ac2c      0x340 /Applications/ArmGNUToolchain/15.2.rel1/arm-none-eabi/bin/../lib/gcc/arm-none-eabi/15.2.1/thumb/v8-m.main+fp/softfp/libgcc.a(_udivmoddi4.o)
                0x2000ac2c                __udivmoddi4
 .text          0x2000af6c        0x4 /Applications/ArmGNUToolchain/15.2.rel1/arm-none-eabi/bin/../lib/gcc/arm-none-eabi/15.2.1/thumb/v8-m.main+fp/softfp/libgcc.a(_dvmd_tls.o)
                0x2000af6c                __aeabi_ldiv0
                0x2000af6c                __aeabi_idiv0
 .text.calloc   0x2000af70       0x10 /Applications/ArmGNUToolchain/15.2.rel1/arm-none-eabi/bin/../lib/gcc/arm-none-eabi/15.2.1/../../../../arm-none-eabi/lib/thumb/v8-m.main+fp/softfp/libg.a(libc_a-calloc.o)
                0x2000af70                calloc
 .text._calloc_r
                0x2000af80       0x7c /Applications/ArmGNUToolchain/15.2.rel1/arm-none-eabi/bin/../lib/gcc/arm-none-eabi/15.2.1/../../../../arm-none-eabi/lib/thumb/v8-m.main+fp/softfp/libg.a(libc_a-callocr.o)
                0x2000af80                _calloc_r
 .text.malloc   0x2000affc       0x10 /Applications/ArmGNUToolchain/15.2.rel1/arm-none-eabi/bin/../lib/gcc/arm-none-eabi/15.2.1/../../../../arm-none-eabi/lib/thumb/v8-m.main+fp/softfp/libg.a(libc_a-malloc.o)
                0x2000affc                malloc
 .text.free     0x2000b00c       0x10 /Applications/ArmGNUToolchain/15.2.rel1/arm-none-eabi/bin/../lib/gcc/arm-none-eabi/15.2.1/../../../../arm-none-eabi/lib/thumb/v8-m.main+fp/softfp/libg.a(libc_a-malloc.o)
                0x2000b00c                free
 .text._malloc_r
                0x2000b01c      0x5a8 /Applications/ArmGNUToolchain/15.2.rel1/arm-none-eabi/bin/../lib/gcc/arm-none-eabi/15.2.1/../../../../arm-none-eabi/lib/thumb/v8-m.main+fp/softfp/libg.a(libc_a-mallocr.o)
                0x2000b01c                _malloc_r
 .text.__malloc_lock
                0x2000b5c4        0xc /Applications/ArmGNUToolchain/15.2.rel1/arm-none-eabi/bin/../lib/gcc/arm-none-eabi/15.2.1/../../../../arm-none-eabi/lib/thumb/v8-m.main+fp/softfp/libg.a(libc_a-mlock.o)
                0x2000b5c4                __malloc_lock
 .text.__malloc_unlock
                0x2000b5d0        0xc /Applications/ArmGNUToolchain/15.2.rel1/arm-none-eabi/bin/../lib/gcc/arm-none-eabi/15.2.1/../../../../arm-none-eabi/lib/thumb/v8-m.main+fp/softfp/libg.a(libc_a-mlock.o)
                0x2000b5d0                __malloc_unlock
 .text.memset   0x2000b5dc       0x88 /Applications/ArmGNUToolchain/15.2.rel1/arm-none-eabi/bin/../lib/gcc/arm-none-eabi/15.2.1/../../../../arm-none-eabi/lib/thumb/v8-m.main+fp/softfp/libg.a(libc_a-memset.o)
                0x2000b5dc                memset
 .text._sbrk_r  0x2000b664       0x24 /Applications/ArmGNUToolchain/15.2.rel1/arm-none-eabi/bin/../lib/gcc/arm-none-eabi/15.2.1/../../../../arm-none-eabi/lib/thumb/v8-m.main+fp/softfp/libg.a(libc_a-sbrkr.o)
                0x2000b664                _sbrk_r
 .text.__errno  0x2000b688        0xc /Applications/ArmGNUToolchain/15.2.rel1/arm-none-eabi/bin/../lib/gcc/arm-none-eabi/15.2.1/../../../../arm-none-eabi/lib/thumb/v8-m.main+fp/softfp/libg.a(libc_a-errno.o)
                0x2000b688                __errno
 .text.sysconf  0x2000b694       0x1c /Applications/ArmGNUToolchain/15.2.rel1/arm-none-eabi/bin/../lib/gcc/arm-none-eabi/15.2.1/../../../../arm-none-eabi/lib/thumb/v8-m.main+fp/softfp/libg.a(libc_a-sysconf.o)
                0x2000b694                sysconf
 .text.__retarget_lock_acquire_recursive
                0x2000b6b0        0x4 /Applications/ArmGNUToolchain/15.2.rel1/arm-none-eabi/bin/../lib/gcc/arm-none-eabi/15.2.1/../../../../arm-none-eabi/lib/thumb/v8-m.main+fp/softfp/libg.a(libc_a-lock.o)
                0x2000b6b0                __retarget_lock_acquire_recursive
 .text.__retarget_lock_release_recursive
                0x2000b6b4        0x4 /Applications/ArmGNUToolchain/15.2.rel1/arm-none-eabi/bin/../lib/gcc/arm-none-eabi/15.2.1/../../../../arm-none-eabi/lib/thumb/v8-m.main+fp/softfp/libg.a(libc_a-lock.o)
                0x2000b6b4                __retarget_lock_release_recursive
 .text          0x2000b6b8       0xec /Applications/ArmGNUToolchain/15.2.rel1/arm-none-eabi/bin/../lib/gcc/arm-none-eabi/15.2.1/../../../../arm-none-eabi/lib/thumb/v8-m.main+fp/softfp/libg.a(libc_a-memcpy.o)
                0x2000b6b8                memcpy
 .text.strlen   0x2000b7a4       0x5c /Applications/ArmGNUToolchain/15.2.rel1/arm-none-eabi/bin/../lib/gcc/arm-none-eabi/15.2.1/../../../../arm-none-eabi/lib/thumb/v8-m.main+fp/softfp/libg.a(libc_a-strlen-stub.o)
                0x2000b7a4                strlen
 .text._malloc_trim_r
                0x2000b800       0xac /Applications/ArmGNUToolchain/15.2.rel1/arm-none-eabi/bin/../lib/gcc/arm-none-eabi/15.2.1/../../../../arm-none-eabi/lib/thumb/v8-m.main+fp/softfp/libg.a(libc_a-freer.o)
                0x2000b800                _malloc_trim_r
 .text._free_r  0x2000b8ac      0x208 /Applications/ArmGNUToolchain/15.2.rel1/arm-none-eabi/bin/../lib/gcc/arm-none-eabi/15.2.1/../../../../arm-none-eabi/lib/thumb/v8-m.main+fp/softfp/libg.a(libc_a-freer.o)
                0x2000b8ac                _free_r
 *(.fini)
 .fini          0x2000bab4        0x4 /Applications/ArmGNUToolchain/15.2.rel1/arm-none-eabi/bin/../lib/gcc/arm-none-eabi/15.2.1/thumb/v8-m.main+fp/softfp/crti.o
                0x2000bab4                _fini
 *crtbegin.o(.ctors)
 *crtbegin?.o(.ctors)
 *(EXCLUDE_FILE(*crtend.o *crtend?.o) .ctors)
 *(SORT_BY_NAME(.ctors.*))
 *(.ctors)
 *crtbegin.o(.dtors)
 *crtbegin?.o(.dtors)
 *(EXCLUDE_FILE(*crtend.o *crtend?.o) .dtors)
 *(SORT_BY_NAME(.dtors.*))
 *(.dtors)
 *(.eh_frame*)
 .eh_frame      0x2000bab8        0x0 /Applications/ArmGNUToolchain/15.2.rel1/arm-none-eabi/bin/../lib/gcc/arm-none-eabi/15.2.1/thumb/v8-m.main+fp/softfp/crtbegin.o
                0x2000bab8                        . = ALIGN (0x4)
                0x2000bab8                        __ram_text_end__ = .
                0x10000214                        __ram_text_source__ = LOADADDR (.text)

.glue_7         0x2000bab8        0x0 load address 0x1000bbbc
 .glue_7        0x2000bab8        0x0 linker stubs

.glue_7t        0x2000bab8        0x0 load address 0x1000bbbc
 .glue_7t       0x2000bab8        0x0 linker stubs

.vfp11_veneer   0x2000bab8        0x0 load address 0x1000bbbc
 .vfp11_veneer  0x2000bab8        0x0 linker stubs

.v4_bx          0x2000bab8        0x0 load address 0x1000bbbc
 .v4_bx         0x2000bab8        0x0 linker stubs

.iplt           0x2000bab8        0x0 load address 0x1000bbbc
 .iplt          0x2000bab8        0x0 /Applications/ArmGNUToolchain/15.2.rel1/arm-none-eabi/bin/../lib/gcc/arm-none-eabi/15.2.1/thumb/v8-m.main+fp/softfp/crtbegin.o
                0x2000bab8                        . = ALIGN (0x4)

.data           0x2000bab8     0x3008 load address 0x1000bbbc
                0x2000bab8                        __data_start__ = .
 *(vtable)
 *(.time_critical*)
 .time_critical
                0x2000bab8       0x70 CMakeFiles/foxdac.dir/crossfeed.c.o
                0x2000bab8                crossfeed_process_stereo
 .time_critical
                0x2000bb28      0x1ec CMakeFiles/foxdac.dir/dsp_pipeline.c.o
                0x2000bb28                dsp_process_channel
                0x2000bc1c                dsp_process_channel_block
 .time_critical.usb_sof_irq
                0x2000bd14       0x98 CMakeFiles/foxdac.dir/main.c.o
                0x2000bd14                usb_sof_irq
 .time_critical._as_sync_packet
                0x2000bdac       0x40 CMakeFiles/foxdac.dir/usb_audio.c.o
 .time_critical._as_audio_packet
                0x2000bdec     0x1134 CMakeFiles/foxdac.dir/usb_audio.c.o
 .time_critical.mutex_enter_blocking
                0x2000cf20       0x80 CMakeFiles/foxdac.dir/Users/giubeppe/Documents/projects/raspberry_pico/pico-sdk/src/common/pico_sync/mutex.c.o
                0x2000cf20                mutex_enter_blocking
 .time_critical.mutex_enter_block_until
                0x2000cfa0       0x6c CMakeFiles/foxdac.dir/Users/giubeppe/Documents/projects/raspberry_pico/pico-sdk/src/common/pico_sync/mutex.c.o
                0x2000cfa0                mutex_enter_block_until
 .time_critical.mutex_try_enter_block_until
                0x2000d00c       0x68 CMakeFiles/foxdac.dir/Users/giubeppe/Documents/projects/raspberry_pico/pico-sdk/src/common/pico_sync/mutex.c.o
                0x2000d00c                mutex_try_enter_block_until
 .time_critical.mutex_exit
                0x2000d074       0x3c CMakeFiles/foxdac.dir/Users/giubeppe/Documents/projects/raspberry_pico/pico-sdk/src/common/pico_sync/mutex.c.o
                0x2000d074                mutex_exit
 .time_critical.flash_init_boot2_copyout
                0x2000d0b0       0x34 CMakeFiles/foxdac.dir/Users/giubeppe/Documents/projects/raspberry_pico/pico-sdk/src/rp2_common/hardware_flash/flash.c.o
 .time_critical.flash_enable_xip_via_boot2
                0x2000d0e4        0x8 CMakeFiles/foxdac.dir/Users/giubeppe/Documents/projects/raspberry_pico/pico-sdk/src/rp2_common/hardware_flash/flash.c.o
 .time_critical.flash_rp2350_save_qmi_cs1
                0x2000d0ec       0x14 CMakeFiles/foxdac.dir/Users/giubeppe/Documents/projects/raspberry_pico/pico-sdk/src/rp2_common/hardware_flash/flash.c.o
 .time_critical.flash_devinfo_ptr
                0x2000d100       0x14 CMakeFiles/foxdac.dir/Users/giubeppe/Documents/projects/raspberry_pico/pico-sdk/src/rp2_common/hardware_flash/flash.c.o
 .time_critical.flash_save_hardware_state
                0x2000d114       0x34 CMakeFiles/foxdac.dir/Users/giubeppe/Documents/projects/raspberry_pico/pico-sdk/src/rp2_common/hardware_flash/flash.c.o
 .time_critical.flash_devinfo_get_cs_size
                0x2000d148       0x18 CMakeFiles/foxdac.dir/Users/giubeppe/Documents/projects/raspberry_pico/pico-sdk/src/rp2_common/hardware_flash/flash.c.o
                0x2000d148                flash_devinfo_get_cs_size
 .time_critical.flash_rp2350_restore_qmi_cs1
                0x2000d160       0x30 CMakeFiles/foxdac.dir/Users/giubeppe/Documents/projects/raspberry_pico/pico-sdk/src/rp2_common/hardware_flash/flash.c.o
 .time_critical.flash_restore_hardware_state
                0x2000d190       0x2c CMakeFiles/foxdac.dir/Users/giubeppe/Documents/projects/raspberry_pico/pico-sdk/src/rp2_common/hardware_flash/flash.c.o
 .time_critical.flash_range_erase
                0x2000d1bc       0xac CMakeFiles/foxdac.dir/Users/giubeppe/Documents/projects/raspberry_pico/pico-sdk/src/rp2_common/hardware_flash/flash.c.o
                0x2000d1bc                flash_range_erase
 .time_critical.flash_range_program
                0x2000d268       0xac CMakeFiles/foxdac.dir/Users/giubeppe/Documents/projects/raspberry_pico/pico-sdk/src/rp2_common/hardware_flash/flash.c.o
                0x2000d268                flash_range_program
 .time_critical.xip_cache_maintain
                0x2000d314       0x20 CMakeFiles/foxdac.dir/Users/giubeppe/Documents/projects/raspberry_pico/pico-sdk/src/rp2_common/hardware_xip_cache/xip_cache.c.o
 .time_critical.xip_cache_clean_all
                0x2000d334       0x10 CMakeFiles/foxdac.dir/Users/giubeppe/Documents/projects/raspberry_pico/pico-sdk/src/rp2_common/hardware_xip_cache/xip_cache.c.o
                0x2000d334                xip_cache_clean_all
 .time_critical.audio_start_dma_transfer
                0x2000d344       0x3c CMakeFiles/foxdac.dir/__/pico-extras/src/rp2_common/pico_audio_spdif_multi/audio_spdif.c.o
 .time_critical.audio_spdif_dma_irq_handler
                0x2000d380       0x74 CMakeFiles/foxdac.dir/__/pico-extras/src/rp2_common/pico_audio_spdif_multi/audio_spdif.c.o
 .time_critical
                0x2000d3f4       0x54 CMakeFiles/foxdac.dir/__/pico-extras/src/rp2_common/pico_audio_spdif_multi/audio_spdif.c.o
 .time_critical
                0x2000d448      0x268 CMakeFiles/foxdac.dir/__/pico-extras/src/rp2_common/pico_audio_spdif_multi/sample_encoding.cpp.o
                0x2000d448                stereo_to_spdif_producer_give
                0x2000d560                mono_to_spdif_producer_give
 .time_critical
                0x2000d6b0      0x1e0 CMakeFiles/foxdac.dir/__/pico-extras/src/common/pico_audio/audio.cpp.o
                0x2000d6b0                get_free_audio_buffer
                0x2000d734                producer_pool_take_buffer_default
                0x2000d73c                queue_free_audio_buffer
                0x2000d778                consumer_pool_give_buffer_default
                0x2000d780                get_full_audio_buffer
                0x2000d814                consumer_pool_take_buffer_default
                0x2000d81c                queue_full_audio_buffer
                0x2000d864                producer_pool_give_buffer_default
                0x2000d86c                give_audio_buffer
                0x2000d880                take_audio_buffer
 .time_critical.audio_i2s_dma_irq_handler
                0x2000d890       0x68 CMakeFiles/foxdac.dir/__/pico-extras/src/rp2_common/pico_audio_i2s/audio_i2s.c.o
                0x2000d8f8                        . = ALIGN (0x4)
 *(.rodata*)
 .rodata.presets
                0x2000d8f8       0x18 CMakeFiles/foxdac.dir/crossfeed.c.o
 .rodata.default_pins.0
                0x2000d910        0x5 CMakeFiles/foxdac.dir/flash_storage.c.o
 *fill*         0x2000d915        0x3 
 .rodata.pio_pdm_program
                0x2000d918        0x8 CMakeFiles/foxdac.dir/pdm_generator.c.o
 .rodata.pio_pdm_instr
                0x2000d920        0x2 CMakeFiles/foxdac.dir/pdm_generator.c.o
 *fill*         0x2000d922        0x2 
 .rodata._get_descriptor_string.str1.4
                0x2000d924      0x627 CMakeFiles/foxdac.dir/usb_audio.c.o
                                  0x1 (size before relaxing)
 *fill*         0x2000df4b        0x1 
 .rodata.voltage_table.3
                0x2000df4c       0x40 CMakeFiles/foxdac.dir/usb_audio.c.o
 .rodata.boot_device_interfaces.5
                0x2000df8c        0xc CMakeFiles/foxdac.dir/usb_audio.c.o
 .rodata.op_endpoints.6
                0x2000df98        0x8 CMakeFiles/foxdac.dir/usb_audio.c.o
 .rodata.i2s_config
                0x2000dfa0        0x4 CMakeFiles/foxdac.dir/usb_audio.c.o
 .rodata._vendor_cmd_transfer_type
                0x2000dfa4       0x10 CMakeFiles/foxdac.dir/usb_audio.c.o
 .rodata._audio_cmd_transfer_type
                0x2000dfb4       0x10 CMakeFiles/foxdac.dir/usb_audio.c.o
 .rodata.as_sync_transfer_type
                0x2000dfc4       0x10 CMakeFiles/foxdac.dir/usb_audio.c.o
 .rodata.as_transfer_type
                0x2000dfd4       0x10 CMakeFiles/foxdac.dir/usb_audio.c.o
 .rodata.db_to_vol
                0x2000dfe4       0x7a CMakeFiles/foxdac.dir/usb_audio.c.o
 *fill*         0x2000e05e        0x2 
 .rodata        0x2000e060        0xc CMakeFiles/foxdac.dir/usb_audio.c.o
 .rodata.ms_ext_prop_descriptor
                0x2000e06c       0x8e CMakeFiles/foxdac.dir/usb_descriptors.c.o
                0x2000e06c                ms_ext_prop_descriptor
 *fill*         0x2000e0fa        0x2 
 .rodata.ms_compat_id_descriptor
                0x2000e0fc       0x28 CMakeFiles/foxdac.dir/usb_descriptors.c.o
                0x2000e0fc                ms_compat_id_descriptor
 .rodata.ms_os_string_descriptor
                0x2000e124       0x12 CMakeFiles/foxdac.dir/usb_descriptors.c.o
                0x2000e124                ms_os_string_descriptor
 *fill*         0x2000e136        0x2 
 .rodata.boot_device_descriptor
                0x2000e138       0x12 CMakeFiles/foxdac.dir/usb_descriptors.c.o
                0x2000e138                boot_device_descriptor
 *fill*         0x2000e14a        0x2 
 .rodata.audio_device_config
                0x2000e14c       0x86 CMakeFiles/foxdac.dir/usb_descriptors.c.o
                0x2000e14c                audio_device_config
 .rodata.str1.4
                0x2000e1d2        0x0 CMakeFiles/foxdac.dir/usb_descriptors.c.o
                                 0x23 (size before relaxing)
 .rodata.panic.str1.4
                0x2000e1d2        0x0 CMakeFiles/foxdac.dir/Users/giubeppe/Documents/projects/raspberry_pico/pico-sdk/src/rp2_common/pico_platform_panic/panic.c.o
                                 0x12 (size before relaxing)
 .rodata.panic_unsupported.str1.4
                0x2000e1d2        0x0 CMakeFiles/foxdac.dir/Users/giubeppe/Documents/projects/raspberry_pico/pico-sdk/src/rp2_common/pico_platform_panic/panic.c.o
                                  0xe (size before relaxing)
 .rodata.timer_hardware_alarm_claim.str1.4
                0x2000e1d2        0x0 CMakeFiles/foxdac.dir/Users/giubeppe/Documents/projects/raspberry_pico/pico-sdk/src/rp2_common/hardware_timer/timer.c.o
                                 0x22 (size before relaxing)
 .rodata.hard_assertion_failure.str1.4
                0x2000e1d2        0x0 CMakeFiles/foxdac.dir/Users/giubeppe/Documents/projects/raspberry_pico/pico-sdk/src/rp2_common/pico_runtime/runtime.c.o
                                  0xc (size before relaxing)
 .rodata.__wrap_malloc.str1.4
                0x2000e1d2        0x0 CMakeFiles/foxdac.dir/Users/giubeppe/Documents/projects/raspberry_pico/pico-sdk/src/rp2_common/pico_malloc/malloc.c.o
                                  0xe (size before relaxing)
 .rodata.str1.4
                0x2000e1d2        0x0 CMakeFiles/foxdac.dir/Users/giubeppe/Documents/projects/raspberry_pico/pico-sdk/src/rp2_common/pico_standard_binary_info/standard_binary_info.c.o
                                 0x3c (size before relaxing)
 *fill*         0x2000e1d2        0x2 
 .rodata.__bi_84
                0x2000e1d4        0xc CMakeFiles/foxdac.dir/Users/giubeppe/Documents/projects/raspberry_pico/pico-sdk/src/rp2_common/pico_standard_binary_info/standard_binary_info.c.o
 .rodata.__bi_78
                0x2000e1e0        0xc CMakeFiles/foxdac.dir/Users/giubeppe/Documents/projects/raspberry_pico/pico-sdk/src/rp2_common/pico_standard_binary_info/standard_binary_info.c.o
 .rodata.__bi_54
                0x2000e1ec        0xc CMakeFiles/foxdac.dir/Users/giubeppe/Documents/projects/raspberry_pico/pico-sdk/src/rp2_common/pico_standard_binary_info/standard_binary_info.c.o
 .rodata.__bi_48
                0x2000e1f8        0xc CMakeFiles/foxdac.dir/Users/giubeppe/Documents/projects/raspberry_pico/pico-sdk/src/rp2_common/pico_standard_binary_info/standard_binary_info.c.o
 .rodata.__bi_42
                0x2000e204        0xc CMakeFiles/foxdac.dir/Users/giubeppe/Documents/projects/raspberry_pico/pico-sdk/src/rp2_common/pico_standard_binary_info/standard_binary_info.c.o
 .rodata.__bi_34
                0x2000e210        0xc CMakeFiles/foxdac.dir/Users/giubeppe/Documents/projects/raspberry_pico/pico-sdk/src/rp2_common/pico_standard_binary_info/standard_binary_info.c.o
 .rodata.__bi_26
                0x2000e21c        0xc CMakeFiles/foxdac.dir/Users/giubeppe/Documents/projects/raspberry_pico/pico-sdk/src/rp2_common/pico_standard_binary_info/standard_binary_info.c.o
 .rodata._ftoa.str1.4
                0x2000e228        0x0 CMakeFiles/foxdac.dir/Users/giubeppe/Documents/projects/raspberry_pico/pico-sdk/src/rp2_common/pico_printf/printf.c.o
                                 0x15 (size before relaxing)
 .rodata.pow10.0
                0x2000e228       0x50 CMakeFiles/foxdac.dir/Users/giubeppe/Documents/projects/raspberry_pico/pico-sdk/src/rp2_common/pico_printf/printf.c.o
 .rodata.crlf_str.0
                0x2000e278        0x2 CMakeFiles/foxdac.dir/Users/giubeppe/Documents/projects/raspberry_pico/pico-sdk/src/rp2_common/pico_stdio/stdio.c.o
 .rodata.update_pio_frequency.str1.4
                0x2000e27a        0x0 CMakeFiles/foxdac.dir/__/pico-extras/src/rp2_common/pico_audio_spdif_multi/audio_spdif.c.o
                                 0x4b (size before relaxing)
 .rodata.audio_spdif_setup.str1.4
                0x2000e27a        0x0 CMakeFiles/foxdac.dir/__/pico-extras/src/rp2_common/pico_audio_spdif_multi/audio_spdif.c.o
                                 0x15 (size before relaxing)
 .rodata.audio_spdif_connect_extra.str1.4
                0x2000e27a        0x0 CMakeFiles/foxdac.dir/__/pico-extras/src/rp2_common/pico_audio_spdif_multi/audio_spdif.c.o
                                 0xa0 (size before relaxing)
 *fill*         0x2000e27a        0x2 
 .rodata.audio_spdif_program
                0x2000e27c        0x8 CMakeFiles/foxdac.dir/__/pico-extras/src/rp2_common/pico_audio_spdif_multi/audio_spdif.c.o
 .rodata.audio_spdif_program_instructions
                0x2000e284        0x8 CMakeFiles/foxdac.dir/__/pico-extras/src/rp2_common/pico_audio_spdif_multi/audio_spdif.c.o
 .rodata.dma_channel_claim.str1.4
                0x2000e28c        0x0 CMakeFiles/foxdac.dir/Users/giubeppe/Documents/projects/raspberry_pico/pico-sdk/src/rp2_common/hardware_dma/dma.c.o
                                 0x22 (size before relaxing)
 .rodata.dma_claim_unused_channel.str1.4
                0x2000e28c        0x0 CMakeFiles/foxdac.dir/Users/giubeppe/Documents/projects/raspberry_pico/pico-sdk/src/rp2_common/hardware_dma/dma.c.o
                                 0x1e (size before relaxing)
 .rodata.pio_sm_claim.str1.4
                0x2000e28c        0x0 CMakeFiles/foxdac.dir/Users/giubeppe/Documents/projects/raspberry_pico/pico-sdk/src/rp2_common/hardware_pio/pio.c.o
                                 0x62 (size before relaxing)
 .rodata.update_pio_frequency.str1.4
                0x2000e28c        0x0 CMakeFiles/foxdac.dir/__/pico-extras/src/rp2_common/pico_audio_i2s/audio_i2s.c.o
                                 0x48 (size before relaxing)
 .rodata.audio_i2s_connect_extra.str1.4
                0x2000e28c        0x0 CMakeFiles/foxdac.dir/__/pico-extras/src/rp2_common/pico_audio_i2s/audio_i2s.c.o
                                 0xa0 (size before relaxing)
 .rodata.audio_i2s_program
                0x2000e28c        0x8 CMakeFiles/foxdac.dir/__/pico-extras/src/rp2_common/pico_audio_i2s/audio_i2s.c.o
 .rodata.audio_i2s_program_instructions
                0x2000e294       0x10 CMakeFiles/foxdac.dir/__/pico-extras/src/rp2_common/pico_audio_i2s/audio_i2s.c.o
 .rodata._usb_reset_buffers.str1.4
                0x2000e2a4        0x0 CMakeFiles/foxdac.dir/__/pico-extras/src/rp2_common/usb_device/usb_device.c.o
                                 0x3a (size before relaxing)
 .rodata._usb_give_as_many_buffers_as_possible.str1.4
                0x2000e2a4        0x0 CMakeFiles/foxdac.dir/__/pico-extras/src/rp2_common/usb_device/usb_device.c.o
                                 0x3e (size before relaxing)
 .rodata._usb_check_for_transfer_completion.str1.4
                0x2000e2a4        0x0 CMakeFiles/foxdac.dir/__/pico-extras/src/rp2_common/usb_device/usb_device.c.o
                                 0x3b (size before relaxing)
 .rodata._usb_handle_transfer.str1.4
                0x2000e2a4        0x0 CMakeFiles/foxdac.dir/__/pico-extras/src/rp2_common/usb_device/usb_device.c.o
                                 0x25 (size before relaxing)
 .rodata.isr_irq14.str1.4
                0x2000e2a4        0x0 CMakeFiles/foxdac.dir/__/pico-extras/src/rp2_common/usb_device/usb_device.c.o
                                0x22c (size before relaxing)
 .rodata.lang_descriptor.0
                0x2000e2a4        0x4 CMakeFiles/foxdac.dir/__/pico-extras/src/rp2_common/usb_device/usb_device.c.o
 .rodata.usb_current_packet_only_transfer_type
                0x2000e2a8       0x10 CMakeFiles/foxdac.dir/__/pico-extras/src/rp2_common/usb_device/usb_device.c.o
                0x2000e2a8                usb_current_packet_only_transfer_type
 .rodata._usb_stream_packet_packet_handler.str1.4
                0x2000e2b8        0x0 CMakeFiles/foxdac.dir/__/pico-extras/src/rp2_common/usb_device/usb_stream_helper.c.o
                                 0x57 (size before relaxing)
 .rodata._usb_stream_transfer_type
                0x2000e2b8       0x10 CMakeFiles/foxdac.dir/__/pico-extras/src/rp2_common/usb_device/usb_stream_helper.c.o
 *(.srodata*)
                0x2000e2c8                        . = ALIGN (0x4)
 *(.data*)
 .data.channel_band_counts
                0x2000e2c8        0xb CMakeFiles/foxdac.dir/dsp_pipeline.c.o
                0x2000e2c8                channel_band_counts
 *fill*         0x2000e2d3        0x1 
 .data.rng_state
                0x2000e2d4        0x4 CMakeFiles/foxdac.dir/pdm_generator.c.o
 .data.pdm_current_pin
                0x2000e2d8        0x1 CMakeFiles/foxdac.dir/pdm_generator.c.o
 *fill*         0x2000e2d9        0x3 
 .data.pdm_dma_chan
                0x2000e2dc        0x4 CMakeFiles/foxdac.dir/pdm_generator.c.o
 .data.producer_format
                0x2000e2e0        0x8 CMakeFiles/foxdac.dir/usb_audio.c.o
                0x2000e2e0                producer_format
 .data.spdif_config_4
                0x2000e2e8        0x5 CMakeFiles/foxdac.dir/usb_audio.c.o
                0x2000e2e8                spdif_config_4
 *fill*         0x2000e2ed        0x3 
 .data.spdif_config_3
                0x2000e2f0        0x5 CMakeFiles/foxdac.dir/usb_audio.c.o
                0x2000e2f0                spdif_config_3
 *fill*         0x2000e2f5        0x3 
 .data.spdif_config_2
                0x2000e2f8        0x5 CMakeFiles/foxdac.dir/usb_audio.c.o
                0x2000e2f8                spdif_config_2
 *fill*         0x2000e2fd        0x3 
 .data.output_pins
                0x2000e300        0x5 CMakeFiles/foxdac.dir/usb_audio.c.o
                0x2000e300                output_pins
 *fill*         0x2000e305        0x3 
 .data.audio_format_48k
                0x2000e308        0x8 CMakeFiles/foxdac.dir/usb_audio.c.o
                0x2000e308                audio_format_48k
 .data.crossfeed_bypassed
                0x2000e310        0x1 CMakeFiles/foxdac.dir/usb_audio.c.o
                0x2000e310                crossfeed_bypassed
 *fill*         0x2000e311        0x3 
 .data.crossfeed_config
                0x2000e314        0xc CMakeFiles/foxdac.dir/usb_audio.c.o
                0x2000e314                crossfeed_config
 .data.loudness_intensity_pct
                0x2000e320        0x4 CMakeFiles/foxdac.dir/usb_audio.c.o
                0x2000e320                loudness_intensity_pct
 .data.loudness_ref_spl
                0x2000e324        0x4 CMakeFiles/foxdac.dir/usb_audio.c.o
                0x2000e324                loudness_ref_spl
 .data.channel_gain_linear
                0x2000e328        0xc CMakeFiles/foxdac.dir/usb_audio.c.o
                0x2000e328                channel_gain_linear
 .data.channel_gain_mul
                0x2000e334        0xc CMakeFiles/foxdac.dir/usb_audio.c.o
                0x2000e334                channel_gain_mul
 .data.global_preamp_linear
                0x2000e340        0x4 CMakeFiles/foxdac.dir/usb_audio.c.o
                0x2000e340                global_preamp_linear
 .data.global_preamp_mul
                0x2000e344        0x4 CMakeFiles/foxdac.dir/usb_audio.c.o
                0x2000e344                global_preamp_mul
 .data.pending_rate
                0x2000e348        0x4 CMakeFiles/foxdac.dir/usb_audio.c.o
                0x2000e348                pending_rate
 .data.audio_state
                0x2000e34c        0xc CMakeFiles/foxdac.dir/usb_audio.c.o
                0x2000e34c                audio_state
 .data.descriptor_strings
                0x2000e358        0xc CMakeFiles/foxdac.dir/usb_descriptors.c.o
                0x2000e358                descriptor_strings
 .data.usb_descriptor_str_serial
                0x2000e364        0x4 CMakeFiles/foxdac.dir/usb_descriptors.c.o
                0x2000e364                usb_descriptor_str_serial
 .data.descriptor_str_serial_buf
                0x2000e368       0x11 CMakeFiles/foxdac.dir/usb_descriptors.c.o
 .data.striped_spin_lock_num
                0x2000e379        0x1 CMakeFiles/foxdac.dir/Users/giubeppe/Documents/projects/raspberry_pico/pico-sdk/src/rp2_common/hardware_sync/sync.c.o
 *fill*         0x2000e37a        0x2 
 .data          0x2000e37c       0x48 CMakeFiles/foxdac.dir/Users/giubeppe/Documents/projects/raspberry_pico/pico-sdk/src/rp2_common/hardware_irq/irq_handler_chain.S.o
                0x2000e37c                irq_handler_chain_slots
                0x2000e3ac                irq_handler_chain_first_slot
                0x2000e3b6                irq_handler_chain_remove_tail
 .data.default_alarm_pool
                0x2000e3c4       0x18 CMakeFiles/foxdac.dir/Users/giubeppe/Documents/projects/raspberry_pico/pico-sdk/src/common/pico_time/time.c.o
 .data.pio_program_offset
                0x2000e3dc        0xc CMakeFiles/foxdac.dir/__/pico-extras/src/rp2_common/pico_audio_spdif_multi/audio_spdif.c.o
 .data._ZL18connection_default
                0x2000e3e8       0x18 CMakeFiles/foxdac.dir/__/pico-extras/src/common/pico_audio/audio.cpp.o
 .data.m2s_audio_i2s_pg_connection
                0x2000e400       0x20 CMakeFiles/foxdac.dir/__/pico-extras/src/rp2_common/pico_audio_i2s/audio_i2s.c.o
 .data.m2s_audio_i2s_ct_connection
                0x2000e420       0x20 CMakeFiles/foxdac.dir/__/pico-extras/src/rp2_common/pico_audio_i2s/audio_i2s.c.o
 .data.pio_i2s_consumer_buffer_format
                0x2000e440        0x8 CMakeFiles/foxdac.dir/__/pico-extras/src/rp2_common/pico_audio_i2s/audio_i2s.c.o
                0x2000e440                pio_i2s_consumer_buffer_format
 .data.control_stream_funcs.1
                0x2000e448        0x8 CMakeFiles/foxdac.dir/__/pico-extras/src/rp2_common/usb_device/usb_device.c.o
 .data.__malloc_sbrk_base
                0x2000e450        0x4 /Applications/ArmGNUToolchain/15.2.rel1/arm-none-eabi/bin/../lib/gcc/arm-none-eabi/15.2.1/../../../../arm-none-eabi/lib/thumb/v8-m.main+fp/softfp/libg.a(libc_a-mallocr.o)
                0x2000e450                __malloc_sbrk_base
 .data.__malloc_trim_threshold
                0x2000e454        0x4 /Applications/ArmGNUToolchain/15.2.rel1/arm-none-eabi/bin/../lib/gcc/arm-none-eabi/15.2.1/../../../../arm-none-eabi/lib/thumb/v8-m.main+fp/softfp/libg.a(libc_a-mallocr.o)
                0x2000e454                __malloc_trim_threshold
 .data.__malloc_av_
                0x2000e458      0x408 /Applications/ArmGNUToolchain/15.2.rel1/arm-none-eabi/bin/../lib/gcc/arm-none-eabi/15.2.1/../../../../arm-none-eabi/lib/thumb/v8-m.main+fp/softfp/libg.a(libc_a-mallocr.o)
                0x2000e458                __malloc_av_
 .data._impure_ptr
                0x2000e860        0x4 /Applications/ArmGNUToolchain/15.2.rel1/arm-none-eabi/bin/../lib/gcc/arm-none-eabi/15.2.1/../../../../arm-none-eabi/lib/thumb/v8-m.main+fp/softfp/libg.a(libc_a-impure.o)
                0x2000e860                _impure_ptr
 *fill*         0x2000e864        0x4 
 .data._impure_data
                0x2000e868      0x200 /Applications/ArmGNUToolchain/15.2.rel1/arm-none-eabi/bin/../lib/gcc/arm-none-eabi/15.2.1/../../../../arm-none-eabi/lib/thumb/v8-m.main+fp/softfp/libg.a(libc_a-impure.o)
                0x2000e868                _impure_data
 *(.sdata*)
                0x2000ea68                        . = ALIGN (0x4)
 *(.after_data.*)
                0x2000ea68                        . = ALIGN (0x4)
                0x2000ea68                        PROVIDE (__mutex_array_start = .)
 *(SORT_BY_NAME(.mutex_array.*))
 *(.mutex_array)
 .mutex_array   0x2000ea68        0x8 CMakeFiles/foxdac.dir/Users/giubeppe/Documents/projects/raspberry_pico/pico-sdk/src/rp2_common/pico_malloc/malloc.c.o
 .mutex_array   0x2000ea70        0x8 CMakeFiles/foxdac.dir/Users/giubeppe/Documents/projects/raspberry_pico/pico-sdk/src/rp2_common/pico_stdio/stdio.c.o
                0x2000ea78                        PROVIDE (__mutex_array_end = .)
                0x2000ea78                        . = ALIGN (0x4)
                0x2000ea78                        PROVIDE (__preinit_array_start = .)
 *(SORT_BY_NAME(.preinit_array.*))
 .preinit_array.00050
                0x2000ea78        0x4 CMakeFiles/foxdac.dir/Users/giubeppe/Documents/projects/raspberry_pico/pico-sdk/src/rp2_common/pico_runtime_init/runtime_init.c.o
                0x2000ea78                __pre_init_runtime_init_bootrom_reset
 .preinit_array.00100
                0x2000ea7c        0x4 CMakeFiles/foxdac.dir/Users/giubeppe/Documents/projects/raspberry_pico/pico-sdk/src/rp2_common/pico_runtime_init/runtime_init.c.o
                0x2000ea7c                __pre_init_runtime_init_early_resets
 .preinit_array.00101
                0x2000ea80        0x4 CMakeFiles/foxdac.dir/Users/giubeppe/Documents/projects/raspberry_pico/pico-sdk/src/rp2_common/pico_runtime_init/runtime_init.c.o
                0x2000ea80                __pre_init_runtime_init_usb_power_down
 .preinit_array.00500
                0x2000ea84        0x4 CMakeFiles/foxdac.dir/Users/giubeppe/Documents/projects/raspberry_pico/pico-sdk/src/rp2_common/pico_runtime_init/runtime_init.c.o
                0x2000ea84                __pre_init_runtime_init_clocks
 .preinit_array.00600
                0x2000ea88        0x4 CMakeFiles/foxdac.dir/Users/giubeppe/Documents/projects/raspberry_pico/pico-sdk/src/rp2_common/pico_runtime_init/runtime_init.c.o
                0x2000ea88                __pre_init_runtime_init_post_clock_resets
 .preinit_array.01000
                0x2000ea8c        0x4 CMakeFiles/foxdac.dir/Users/giubeppe/Documents/projects/raspberry_pico/pico-sdk/src/rp2_common/hardware_boot_lock/boot_lock.c.o
                0x2000ea8c                __pre_init_runtime_init_boot_locks_reset
 .preinit_array.01000
                0x2000ea90        0x4 CMakeFiles/foxdac.dir/Users/giubeppe/Documents/projects/raspberry_pico/pico-sdk/src/rp2_common/pico_runtime_init/runtime_init.c.o
                0x2000ea90                __pre_init_runtime_init_spin_locks_reset
 .preinit_array.01010
                0x2000ea94        0x4 CMakeFiles/foxdac.dir/Users/giubeppe/Documents/projects/raspberry_pico/pico-sdk/src/rp2_common/pico_bootrom/bootrom_lock.c.o
                0x2000ea94                __pre_init_runtime_init_bootrom_locking_enable
 .preinit_array.01100
                0x2000ea98        0x4 CMakeFiles/foxdac.dir/Users/giubeppe/Documents/projects/raspberry_pico/pico-sdk/src/common/pico_sync/mutex.c.o
                0x2000ea98                __pre_init_runtime_init_mutex
 .preinit_array.10080
                0x2000ea9c        0x4 CMakeFiles/foxdac.dir/Users/giubeppe/Documents/projects/raspberry_pico/pico-sdk/src/rp2_common/pico_runtime_init/runtime_init.c.o
                0x2000ea9c                __pre_init_runtime_init_install_ram_vector_table
 .preinit_array.11000
                0x2000eaa0        0x4 CMakeFiles/foxdac.dir/Users/giubeppe/Documents/projects/raspberry_pico/pico-sdk/src/common/pico_time/time.c.o
                0x2000eaa0                __pre_init_runtime_init_default_alarm_pool
 .preinit_array.YYYYY
                0x2000eaa4        0x4 CMakeFiles/foxdac.dir/Users/giubeppe/Documents/projects/raspberry_pico/pico-sdk/src/rp2_common/pico_runtime/runtime.c.o
                0x2000eaa4                __pre_init_first_per_core_initializer
 .preinit_array.ZZZZZ.00051
                0x2000eaa8        0x4 CMakeFiles/foxdac.dir/Users/giubeppe/Documents/projects/raspberry_pico/pico-sdk/src/rp2_common/pico_runtime_init/runtime_init.c.o
                0x2000eaa8                __pre_init_runtime_init_per_core_bootrom_reset
 .preinit_array.ZZZZZ.00200
                0x2000eaac        0x4 CMakeFiles/foxdac.dir/Users/giubeppe/Documents/projects/raspberry_pico/pico-sdk/src/rp2_common/pico_runtime_init/runtime_init.c.o
                0x2000eaac                __pre_init_runtime_init_per_core_enable_coprocessors
 .preinit_array.ZZZZZ.01000
                0x2000eab0        0x4 CMakeFiles/foxdac.dir/Users/giubeppe/Documents/projects/raspberry_pico/pico-sdk/src/rp2_common/hardware_sync_spin_lock/sync_spin_lock.c.o
                0x2000eab0                __pre_init_spinlock_set_extexclall
 .preinit_array.ZZZZZ.01200
                0x2000eab4        0x4 CMakeFiles/foxdac.dir/Users/giubeppe/Documents/projects/raspberry_pico/pico-sdk/src/rp2_common/hardware_irq/irq.c.o
                0x2000eab4                __pre_init_runtime_init_per_core_irq_priorities
 *(.preinit_array)